INFO:name:device: cuda:0, n_gpu: 1
DEBUG:httpcore.connection:connect_tcp.started host='huggingface.co' port=443 local_address=None timeout=10 socket_options=None
DEBUG:httpcore.connection:connect_tcp.complete return_value=<httpcore._backends.sync.SyncStream object at 0x7a26bd0e0e50>
DEBUG:httpcore.connection:start_tls.started ssl_context=<ssl.SSLContext object at 0x7a26bd1df410> server_hostname='huggingface.co' timeout=10
DEBUG:httpcore.connection:start_tls.complete return_value=<httpcore._backends.sync.SyncStream object at 0x7a26bd0e0910>
DEBUG:httpcore.http11:send_request_headers.started request=<Request [b'HEAD']>
DEBUG:httpcore.http11:send_request_headers.complete
DEBUG:httpcore.http11:send_request_body.started request=<Request [b'HEAD']>
DEBUG:httpcore.http11:send_request_body.complete
DEBUG:httpcore.http11:receive_response_headers.started request=<Request [b'HEAD']>
DEBUG:httpcore.http11:receive_response_headers.complete return_value=(b'HTTP/1.1', 307, b'Temporary Redirect', [(b'Content-Type', b'text/plain; charset=utf-8'), (b'Content-Length', b'258'), (b'Connection', b'keep-alive'), (b'Date', b'Mon, 15 Jun 2026 19:11:32 GMT'), (b'Location', b'/api/resolve-cache/models/answerdotai/ModernBERT-base/8949b909ec900327062f0ebf497f51aef5e6f0c8/config.json?%2Fanswerdotai%2FModernBERT-base%2Fresolve%2Fmain%2Fconfig.json=&etag=%2242dbe7f4826f9479e2f2965806dd206d07a57495%22'), (b'X-Powered-By', b'huggingface-moon'), (b'X-Request-Id', b'Root=1-6a304e64-5971c358245b65370f5cbcbd;c8156fb2-5ba7-499b-9a60-f1c688f1c6e2'), (b'RateLimit', b'"resolvers";r=2999;t=116'), (b'RateLimit-Policy', b'"fixed window";"resolvers";q=3000;w=300'), (b'cross-origin-opener-policy', b'same-origin'), (b'Referrer-Policy', b'strict-origin-when-cross-origin'), (b'Access-Control-Max-Age', b'86400'), (b'Access-Control-Allow-Origin', b'https://huggingface.co'), (b'Vary', b'Origin, Accept'), (b'Access-Control-Expose-Headers', b'X-Repo-Commit,X-Request-Id,X-Error-Code,X-Error-Message,X-Total-Count,ETag,Link,Accept-Ranges,Content-Range,X-Linked-Size,X-Linked-ETag,X-Xet-Hash'), (b'X-Repo-Commit', b'8949b909ec900327062f0ebf497f51aef5e6f0c8'), (b'Accept-Ranges', b'bytes'), (b'X-Hub-Cache', b'HIT'), (b'Content-Disposition', b'inline; filename*=UTF-8\'\'config.json; filename="config.json";'), (b'Content-Security-Policy', b"default-src 'none'; sandbox"), (b'X-Linked-ETag', b'"42dbe7f4826f9479e2f2965806dd206d07a57495"'), (b'X-Cache', b'Miss from cloudfront'), (b'Via', b'1.1 f353b9615396320dcfec689a26cf519e.cloudfront.net (CloudFront)'), (b'X-Amz-Cf-Pop', b'FRA50-P2'), (b'X-Amz-Cf-Id', b'X_CUNxOPn10FDhNBVnPzgjydMiPrpEc0FnfkyiUMSxQBWVra3cUJgA==')])
INFO:httpx:HTTP Request: HEAD https://huggingface.co/answerdotai/ModernBERT-base/resolve/main/config.json "HTTP/1.1 307 Temporary Redirect"
DEBUG:httpcore.http11:receive_response_body.started request=<Request [b'HEAD']>
DEBUG:httpcore.http11:receive_response_body.complete
DEBUG:httpcore.http11:response_closed.started
DEBUG:httpcore.http11:response_closed.complete
DEBUG:httpcore.http11:send_request_headers.started request=<Request [b'HEAD']>
DEBUG:httpcore.http11:send_request_headers.complete
DEBUG:httpcore.http11:send_request_body.started request=<Request [b'HEAD']>
DEBUG:httpcore.http11:send_request_body.complete
DEBUG:httpcore.http11:receive_response_headers.started request=<Request [b'HEAD']>
DEBUG:httpcore.http11:receive_response_headers.complete return_value=(b'HTTP/1.1', 200, b'OK', [(b'Content-Type', b'text/plain; charset=utf-8'), (b'Content-Length', b'1193'), (b'Connection', b'keep-alive'), (b'Date', b'Mon, 13 Apr 2026 19:54:06 GMT'), (b'ETag', b'"42dbe7f4826f9479e2f2965806dd206d07a57495"'), (b'X-Powered-By', b'huggingface-moon'), (b'X-Request-Id', b'bb6219db-acd7-42d3-a7a2-78568e75ce40'), (b'RateLimit', b'"resolvers";r=2998;t=274'), (b'RateLimit-Policy', b'"fixed window";"resolvers";q=3000;w=300'), (b'cross-origin-opener-policy', b'same-origin'), (b'Referrer-Policy', b'strict-origin-when-cross-origin'), (b'Access-Control-Max-Age', b'86400'), (b'Access-Control-Allow-Origin', b'https://huggingface.co'), (b'Access-Control-Expose-Headers', b'X-Repo-Commit,X-Request-Id,X-Error-Code,X-Error-Message,X-Total-Count,ETag,Link,Accept-Ranges,Content-Range,X-Linked-Size,X-Linked-ETag,X-Xet-Hash'), (b'X-Repo-Commit', b'8949b909ec900327062f0ebf497f51aef5e6f0c8'), (b'Accept-Ranges', b'bytes'), (b'Content-Disposition', b'inline; filename*=UTF-8\'\'config.json; filename="config.json";'), (b'Content-Security-Policy', b"default-src 'none'; sandbox"), (b'Vary', b'Origin'), (b'X-Cache', b'Hit from cloudfront'), (b'Via', b'1.1 f353b9615396320dcfec689a26cf519e.cloudfront.net (CloudFront)'), (b'X-Amz-Cf-Pop', b'FRA50-P2'), (b'X-Amz-Cf-Id', b'qJblP7H-QvveX3K6MJaE7SexjhYJO5r_XfddpI-Qdqyi9cPrbBofLg=='), (b'Age', b'5440646')])
INFO:httpx:HTTP Request: HEAD https://huggingface.co/api/resolve-cache/models/answerdotai/ModernBERT-base/8949b909ec900327062f0ebf497f51aef5e6f0c8/config.json "HTTP/1.1 200 OK"
DEBUG:httpcore.http11:receive_response_body.started request=<Request [b'HEAD']>
DEBUG:httpcore.http11:receive_response_body.complete
DEBUG:httpcore.http11:response_closed.started
DEBUG:httpcore.http11:response_closed.complete
DEBUG:httpcore.http11:send_request_headers.started request=<Request [b'HEAD']>
DEBUG:httpcore.http11:send_request_headers.complete
DEBUG:httpcore.http11:send_request_body.started request=<Request [b'HEAD']>
DEBUG:httpcore.http11:send_request_body.complete
DEBUG:httpcore.http11:receive_response_headers.started request=<Request [b'HEAD']>
DEBUG:httpcore.http11:receive_response_headers.complete return_value=(b'HTTP/1.1', 307, b'Temporary Redirect', [(b'Content-Type', b'text/plain; charset=utf-8'), (b'Content-Length', b'258'), (b'Connection', b'keep-alive'), (b'Date', b'Mon, 15 Jun 2026 19:11:32 GMT'), (b'Location', b'/api/resolve-cache/models/answerdotai/ModernBERT-base/8949b909ec900327062f0ebf497f51aef5e6f0c8/config.json?%2Fanswerdotai%2FModernBERT-base%2Fresolve%2Fmain%2Fconfig.json=&etag=%2242dbe7f4826f9479e2f2965806dd206d07a57495%22'), (b'X-Powered-By', b'huggingface-moon'), (b'X-Request-Id', b'Root=1-6a304e64-092bac8f70fb2be64f3e2bfb;3bf67f1b-ae90-43b7-847c-ff98191b199e'), (b'RateLimit', b'"resolvers";r=2998;t=116'), (b'RateLimit-Policy', b'"fixed window";"resolvers";q=3000;w=300'), (b'cross-origin-opener-policy', b'same-origin'), (b'Referrer-Policy', b'strict-origin-when-cross-origin'), (b'Access-Control-Max-Age', b'86400'), (b'Access-Control-Allow-Origin', b'https://huggingface.co'), (b'Vary', b'Origin, Accept'), (b'Access-Control-Expose-Headers', b'X-Repo-Commit,X-Request-Id,X-Error-Code,X-Error-Message,X-Total-Count,ETag,Link,Accept-Ranges,Content-Range,X-Linked-Size,X-Linked-ETag,X-Xet-Hash'), (b'X-Repo-Commit', b'8949b909ec900327062f0ebf497f51aef5e6f0c8'), (b'Accept-Ranges', b'bytes'), (b'X-HF-Warning', b'unauthenticated; Warning: You are sending unauthenticated requests to the HF Hub. Please set a HF_TOKEN to enable higher rate limits and faster downloads.'), (b'X-Hub-Cache', b'HIT'), (b'Content-Disposition', b'inline; filename*=UTF-8\'\'config.json; filename="config.json";'), (b'Content-Security-Policy', b"default-src 'none'; sandbox"), (b'X-Linked-ETag', b'"42dbe7f4826f9479e2f2965806dd206d07a57495"'), (b'X-Cache', b'Miss from cloudfront'), (b'Via', b'1.1 f353b9615396320dcfec689a26cf519e.cloudfront.net (CloudFront)'), (b'X-Amz-Cf-Pop', b'FRA50-P2'), (b'X-Amz-Cf-Id', b'K_7j53vhRfV83u5x1C_BsQNStF-z0foAclU5z5BGjK-y1h-apL3u_Q==')])
INFO:httpx:HTTP Request: HEAD https://huggingface.co/answerdotai/ModernBERT-base/resolve/main/config.json "HTTP/1.1 307 Temporary Redirect"
DEBUG:httpcore.http11:receive_response_body.started request=<Request [b'HEAD']>
DEBUG:httpcore.http11:receive_response_body.complete
DEBUG:httpcore.http11:response_closed.started
DEBUG:httpcore.http11:response_closed.complete
Warning: You are sending unauthenticated requests to the HF Hub. Please set a HF_TOKEN to enable higher rate limits and faster downloads.
WARNING:huggingface_hub.utils._http:Warning: You are sending unauthenticated requests to the HF Hub. Please set a HF_TOKEN to enable higher rate limits and faster downloads.
DEBUG:httpcore.http11:send_request_headers.started request=<Request [b'HEAD']>
DEBUG:httpcore.http11:send_request_headers.complete
DEBUG:httpcore.http11:send_request_body.started request=<Request [b'HEAD']>
DEBUG:httpcore.http11:send_request_body.complete
DEBUG:httpcore.http11:receive_response_headers.started request=<Request [b'HEAD']>
DEBUG:httpcore.http11:receive_response_headers.complete return_value=(b'HTTP/1.1', 200, b'OK', [(b'Content-Type', b'text/plain; charset=utf-8'), (b'Content-Length', b'1193'), (b'Connection', b'keep-alive'), (b'Date', b'Wed, 25 Jun 2025 12:44:07 GMT'), (b'ETag', b'"42dbe7f4826f9479e2f2965806dd206d07a57495"'), (b'X-Powered-By', b'huggingface-moon'), (b'cross-origin-opener-policy', b'same-origin'), (b'Referrer-Policy', b'strict-origin-when-cross-origin'), (b'X-Request-Id', b'Root=1-685bef17-598262b27a87b60e12d5139e;114be591-372b-4dcb-9221-7e217932aa20'), (b'Access-Control-Allow-Origin', b'https://huggingface.co'), (b'Access-Control-Expose-Headers', b'X-Repo-Commit,X-Request-Id,X-Error-Code,X-Error-Message,X-Total-Count,ETag,Link,Accept-Ranges,Content-Range,X-Linked-Size,X-Linked-ETag,X-Xet-Hash'), (b'X-Repo-Commit', b'8949b909ec900327062f0ebf497f51aef5e6f0c8'), (b'Accept-Ranges', b'bytes'), (b'X-Hub-Cache', b'HIT'), (b'Content-Disposition', b'inline; filename*=UTF-8\'\'config.json; filename="config.json";'), (b'Content-Security-Policy', b"default-src 'none'; sandbox"), (b'Vary', b'Origin'), (b'X-Cache', b'Hit from cloudfront'), (b'Via', b'1.1 f353b9615396320dcfec689a26cf519e.cloudfront.net (CloudFront)'), (b'X-Amz-Cf-Pop', b'FRA50-P2'), (b'X-Amz-Cf-Id', b'EEasY3ll_7p0gyHrEy4-dxBeIFSElf9md2E6mpSw3G5b9oTvvO3Gcw=='), (b'Age', b'30695245')])
INFO:httpx:HTTP Request: HEAD https://huggingface.co/api/resolve-cache/models/answerdotai/ModernBERT-base/8949b909ec900327062f0ebf497f51aef5e6f0c8/config.json "HTTP/1.1 200 OK"
DEBUG:httpcore.http11:receive_response_body.started request=<Request [b'HEAD']>
DEBUG:httpcore.http11:receive_response_body.complete
DEBUG:httpcore.http11:response_closed.started
DEBUG:httpcore.http11:response_closed.complete
DEBUG:httpcore.http11:send_request_headers.started request=<Request [b'HEAD']>
DEBUG:httpcore.http11:send_request_headers.complete
DEBUG:httpcore.http11:send_request_body.started request=<Request [b'HEAD']>
DEBUG:httpcore.http11:send_request_body.complete
DEBUG:httpcore.http11:receive_response_headers.started request=<Request [b'HEAD']>
DEBUG:httpcore.http11:receive_response_headers.complete return_value=(b'HTTP/1.1', 307, b'Temporary Redirect', [(b'Content-Type', b'text/plain; charset=utf-8'), (b'Content-Length', b'278'), (b'Connection', b'keep-alive'), (b'Date', b'Mon, 15 Jun 2026 19:11:32 GMT'), (b'Location', b'/api/resolve-cache/models/answerdotai/ModernBERT-base/8949b909ec900327062f0ebf497f51aef5e6f0c8/tokenizer_config.json?%2Fanswerdotai%2FModernBERT-base%2Fresolve%2Fmain%2Ftokenizer_config.json=&etag=%22d78aa50c890c167d8700301e5580164466e51fa5%22'), (b'X-Powered-By', b'huggingface-moon'), (b'X-Request-Id', b'Root=1-6a304e64-38978c381cb03cc30f92c83d;16fc3f9f-f4a3-46bc-bdeb-fd4fe2b3fbac'), (b'RateLimit', b'"resolvers";r=2997;t=116'), (b'RateLimit-Policy', b'"fixed window";"resolvers";q=3000;w=300'), (b'cross-origin-opener-policy', b'same-origin'), (b'Referrer-Policy', b'strict-origin-when-cross-origin'), (b'Access-Control-Max-Age', b'86400'), (b'Access-Control-Allow-Origin', b'https://huggingface.co'), (b'Vary', b'Origin, Accept'), (b'Access-Control-Expose-Headers', b'X-Repo-Commit,X-Request-Id,X-Error-Code,X-Error-Message,X-Total-Count,ETag,Link,Accept-Ranges,Content-Range,X-Linked-Size,X-Linked-ETag,X-Xet-Hash'), (b'X-Repo-Commit', b'8949b909ec900327062f0ebf497f51aef5e6f0c8'), (b'Accept-Ranges', b'bytes'), (b'X-Hub-Cache', b'HIT'), (b'Content-Disposition', b'inline; filename*=UTF-8\'\'tokenizer_config.json; filename="tokenizer_config.json";'), (b'Content-Security-Policy', b"default-src 'none'; sandbox"), (b'X-Linked-ETag', b'"d78aa50c890c167d8700301e5580164466e51fa5"'), (b'X-Cache', b'Miss from cloudfront'), (b'Via', b'1.1 f353b9615396320dcfec689a26cf519e.cloudfront.net (CloudFront)'), (b'X-Amz-Cf-Pop', b'FRA50-P2'), (b'X-Amz-Cf-Id', b'xaxGpE2Tni0zb9a3oytTKLwRY4cU7e7ORI2JHF_WSAxxR-6huvpdAA==')])
INFO:httpx:HTTP Request: HEAD https://huggingface.co/answerdotai/ModernBERT-base/resolve/main/tokenizer_config.json "HTTP/1.1 307 Temporary Redirect"
DEBUG:httpcore.http11:receive_response_body.started request=<Request [b'HEAD']>
DEBUG:httpcore.http11:receive_response_body.complete
DEBUG:httpcore.http11:response_closed.started
DEBUG:httpcore.http11:response_closed.complete
DEBUG:httpcore.http11:send_request_headers.started request=<Request [b'HEAD']>
DEBUG:httpcore.http11:send_request_headers.complete
DEBUG:httpcore.http11:send_request_body.started request=<Request [b'HEAD']>
DEBUG:httpcore.http11:send_request_body.complete
DEBUG:httpcore.http11:receive_response_headers.started request=<Request [b'HEAD']>
DEBUG:httpcore.http11:receive_response_headers.complete return_value=(b'HTTP/1.1', 200, b'OK', [(b'Content-Type', b'text/plain; charset=utf-8'), (b'Content-Length', b'20810'), (b'Connection', b'keep-alive'), (b'Date', b'Wed, 15 Apr 2026 13:21:11 GMT'), (b'ETag', b'"d78aa50c890c167d8700301e5580164466e51fa5"'), (b'X-Powered-By', b'huggingface-moon'), (b'X-Request-Id', b'7e6b7910-ba47-4ad4-a040-f344a0c25e67'), (b'RateLimit', b'"resolvers";r=2978;t=149'), (b'RateLimit-Policy', b'"fixed window";"resolvers";q=3000;w=300'), (b'cross-origin-opener-policy', b'same-origin'), (b'Referrer-Policy', b'strict-origin-when-cross-origin'), (b'Access-Control-Max-Age', b'86400'), (b'Access-Control-Allow-Origin', b'https://huggingface.co'), (b'Access-Control-Expose-Headers', b'X-Repo-Commit,X-Request-Id,X-Error-Code,X-Error-Message,X-Total-Count,ETag,Link,Accept-Ranges,Content-Range,X-Linked-Size,X-Linked-ETag,X-Xet-Hash'), (b'X-Repo-Commit', b'8949b909ec900327062f0ebf497f51aef5e6f0c8'), (b'Accept-Ranges', b'bytes'), (b'Content-Disposition', b'inline; filename*=UTF-8\'\'tokenizer_config.json; filename="tokenizer_config.json";'), (b'Content-Security-Policy', b"default-src 'none'; sandbox"), (b'Vary', b'Origin'), (b'X-Cache', b'Hit from cloudfront'), (b'Via', b'1.1 f353b9615396320dcfec689a26cf519e.cloudfront.net (CloudFront)'), (b'X-Amz-Cf-Pop', b'FRA50-P2'), (b'X-Amz-Cf-Id', b'39N9rWq6D_80zDYcYHvPTIBrLg8HkWdYRFryPFx9XWjdGqhcko-MdQ=='), (b'Age', b'5291421')])
INFO:httpx:HTTP Request: HEAD https://huggingface.co/api/resolve-cache/models/answerdotai/ModernBERT-base/8949b909ec900327062f0ebf497f51aef5e6f0c8/tokenizer_config.json "HTTP/1.1 200 OK"
DEBUG:httpcore.http11:receive_response_body.started request=<Request [b'HEAD']>
DEBUG:httpcore.http11:receive_response_body.complete
DEBUG:httpcore.http11:response_closed.started
DEBUG:httpcore.http11:response_closed.complete
DEBUG:httpcore.http11:send_request_headers.started request=<Request [b'HEAD']>
DEBUG:httpcore.http11:send_request_headers.complete
DEBUG:httpcore.http11:send_request_body.started request=<Request [b'HEAD']>
DEBUG:httpcore.http11:send_request_body.complete
DEBUG:httpcore.http11:receive_response_headers.started request=<Request [b'HEAD']>
DEBUG:httpcore.http11:receive_response_headers.complete return_value=(b'HTTP/1.1', 307, b'Temporary Redirect', [(b'Content-Type', b'text/plain; charset=utf-8'), (b'Content-Length', b'278'), (b'Connection', b'keep-alive'), (b'Date', b'Mon, 15 Jun 2026 19:11:32 GMT'), (b'Location', b'/api/resolve-cache/models/answerdotai/ModernBERT-base/8949b909ec900327062f0ebf497f51aef5e6f0c8/tokenizer_config.json?%2Fanswerdotai%2FModernBERT-base%2Fresolve%2Fmain%2Ftokenizer_config.json=&etag=%22d78aa50c890c167d8700301e5580164466e51fa5%22'), (b'X-Powered-By', b'huggingface-moon'), (b'X-Request-Id', b'Root=1-6a304e64-4c633f7e1e1034d16d36179e;907ec729-64b8-4282-a956-dc1dc231f3a2'), (b'RateLimit', b'"resolvers";r=2996;t=116'), (b'RateLimit-Policy', b'"fixed window";"resolvers";q=3000;w=300'), (b'cross-origin-opener-policy', b'same-origin'), (b'Referrer-Policy', b'strict-origin-when-cross-origin'), (b'Access-Control-Max-Age', b'86400'), (b'Access-Control-Allow-Origin', b'https://huggingface.co'), (b'Vary', b'Origin, Accept'), (b'Access-Control-Expose-Headers', b'X-Repo-Commit,X-Request-Id,X-Error-Code,X-Error-Message,X-Total-Count,ETag,Link,Accept-Ranges,Content-Range,X-Linked-Size,X-Linked-ETag,X-Xet-Hash'), (b'X-Repo-Commit', b'8949b909ec900327062f0ebf497f51aef5e6f0c8'), (b'Accept-Ranges', b'bytes'), (b'X-HF-Warning', b'unauthenticated; Warning: You are sending unauthenticated requests to the HF Hub. Please set a HF_TOKEN to enable higher rate limits and faster downloads.'), (b'X-Hub-Cache', b'HIT'), (b'Content-Disposition', b'inline; filename*=UTF-8\'\'tokenizer_config.json; filename="tokenizer_config.json";'), (b'Content-Security-Policy', b"default-src 'none'; sandbox"), (b'X-Linked-ETag', b'"d78aa50c890c167d8700301e5580164466e51fa5"'), (b'X-Cache', b'Miss from cloudfront'), (b'Via', b'1.1 f353b9615396320dcfec689a26cf519e.cloudfront.net (CloudFront)'), (b'X-Amz-Cf-Pop', b'FRA50-P2'), (b'X-Amz-Cf-Id', b'H0t6S1J1M-zLiMuNVKg8YCZ0II-9KR5cGQKhXx78Iw-FUgt7Rzh0ww==')])
INFO:httpx:HTTP Request: HEAD https://huggingface.co/answerdotai/ModernBERT-base/resolve/main/tokenizer_config.json "HTTP/1.1 307 Temporary Redirect"
DEBUG:httpcore.http11:receive_response_body.started request=<Request [b'HEAD']>
DEBUG:httpcore.http11:receive_response_body.complete
DEBUG:httpcore.http11:response_closed.started
DEBUG:httpcore.http11:response_closed.complete
DEBUG:httpcore.http11:send_request_headers.started request=<Request [b'HEAD']>
DEBUG:httpcore.http11:send_request_headers.complete
DEBUG:httpcore.http11:send_request_body.started request=<Request [b'HEAD']>
DEBUG:httpcore.http11:send_request_body.complete
DEBUG:httpcore.http11:receive_response_headers.started request=<Request [b'HEAD']>
DEBUG:httpcore.http11:receive_response_headers.complete return_value=(b'HTTP/1.1', 200, b'OK', [(b'Content-Type', b'text/plain; charset=utf-8'), (b'Content-Length', b'20810'), (b'Connection', b'keep-alive'), (b'Date', b'Wed, 25 Jun 2025 12:44:06 GMT'), (b'ETag', b'"d78aa50c890c167d8700301e5580164466e51fa5"'), (b'X-Powered-By', b'huggingface-moon'), (b'cross-origin-opener-policy', b'same-origin'), (b'Referrer-Policy', b'strict-origin-when-cross-origin'), (b'X-Request-Id', b'Root=1-685bef16-6e8cb22a34b4737d6f11003b;2c336014-88dd-4ed3-9deb-56a0c1e76f35'), (b'Access-Control-Allow-Origin', b'https://huggingface.co'), (b'Access-Control-Expose-Headers', b'X-Repo-Commit,X-Request-Id,X-Error-Code,X-Error-Message,X-Total-Count,ETag,Link,Accept-Ranges,Content-Range,X-Linked-Size,X-Linked-ETag,X-Xet-Hash'), (b'X-Repo-Commit', b'8949b909ec900327062f0ebf497f51aef5e6f0c8'), (b'Accept-Ranges', b'bytes'), (b'X-Hub-Cache', b'HIT'), (b'Content-Disposition', b'inline; filename*=UTF-8\'\'tokenizer_config.json; filename="tokenizer_config.json";'), (b'Content-Security-Policy', b"default-src 'none'; sandbox"), (b'Vary', b'Origin'), (b'X-Cache', b'Hit from cloudfront'), (b'Via', b'1.1 f353b9615396320dcfec689a26cf519e.cloudfront.net (CloudFront)'), (b'X-Amz-Cf-Pop', b'FRA50-P2'), (b'X-Amz-Cf-Id', b'ckFm0L9Nwlc6y1YtwGnuqurty05rNFqC7I8n47bH_QOSXwax7Qo2IA=='), (b'Age', b'30695246')])
INFO:httpx:HTTP Request: HEAD https://huggingface.co/api/resolve-cache/models/answerdotai/ModernBERT-base/8949b909ec900327062f0ebf497f51aef5e6f0c8/tokenizer_config.json "HTTP/1.1 200 OK"
DEBUG:httpcore.http11:receive_response_body.started request=<Request [b'HEAD']>
DEBUG:httpcore.http11:receive_response_body.complete
DEBUG:httpcore.http11:response_closed.started
DEBUG:httpcore.http11:response_closed.complete
DEBUG:httpcore.http11:send_request_headers.started request=<Request [b'GET']>
DEBUG:httpcore.http11:send_request_headers.complete
DEBUG:httpcore.http11:send_request_body.started request=<Request [b'GET']>
DEBUG:httpcore.http11:send_request_body.complete
DEBUG:httpcore.http11:receive_response_headers.started request=<Request [b'GET']>
DEBUG:httpcore.http11:receive_response_headers.complete return_value=(b'HTTP/1.1', 404, b'Not Found', [(b'Content-Type', b'application/json; charset=utf-8'), (b'Content-Length', b'64'), (b'Connection', b'keep-alive'), (b'Date', b'Mon, 15 Jun 2026 19:11:32 GMT'), (b'ETag', b'W/"40-09f9IAqP13xarAhQxFS2W8rvRkM"'), (b'X-Powered-By', b'huggingface-moon'), (b'X-Request-Id', b'Root=1-6a304e64-77a9e6a864a13e061bed5c9b;865c5a7c-995e-4663-8475-687c6515546b'), (b'RateLimit', b'"api";r=499;t=116'), (b'RateLimit-Policy', b'"fixed window";"api";q=500;w=300'), (b'cross-origin-opener-policy', b'same-origin'), (b'Referrer-Policy', b'strict-origin-when-cross-origin'), (b'Access-Control-Max-Age', b'86400'), (b'Access-Control-Allow-Origin', b'https://huggingface.co'), (b'Vary', b'Origin'), (b'Access-Control-Expose-Headers', b'X-Repo-Commit,X-Request-Id,X-Error-Code,X-Error-Message,X-Total-Count,ETag,Link,Accept-Ranges,Content-Range,X-Linked-Size,X-Linked-ETag,X-Xet-Hash'), (b'X-Error-Code', b'EntryNotFound'), (b'X-Error-Message', b'additional_chat_templates does not exist on "main"'), (b'X-Cache', b'Error from cloudfront'), (b'Via', b'1.1 f353b9615396320dcfec689a26cf519e.cloudfront.net (CloudFront)'), (b'X-Amz-Cf-Pop', b'FRA50-P2'), (b'X-Amz-Cf-Id', b'D1I2-7RqD6PBrwxCPfqKr0xp20cs3dJ8WN4XcZPUh_RFaASpP648hw==')])
INFO:httpx:HTTP Request: GET https://huggingface.co/api/models/answerdotai/ModernBERT-base/tree/main/additional_chat_templates?recursive=false&expand=false "HTTP/1.1 404 Not Found"
DEBUG:httpcore.http11:receive_response_body.started request=<Request [b'GET']>
DEBUG:httpcore.http11:receive_response_body.complete
DEBUG:httpcore.http11:response_closed.started
DEBUG:httpcore.http11:response_closed.complete
DEBUG:httpcore.http11:send_request_headers.started request=<Request [b'GET']>
DEBUG:httpcore.http11:send_request_headers.complete
DEBUG:httpcore.http11:send_request_body.started request=<Request [b'GET']>
DEBUG:httpcore.http11:send_request_body.complete
DEBUG:httpcore.http11:receive_response_headers.started request=<Request [b'GET']>
DEBUG:httpcore.http11:receive_response_headers.complete return_value=(b'HTTP/1.1', 200, b'OK', [(b'Content-Type', b'application/json; charset=utf-8'), (b'Transfer-Encoding', b'chunked'), (b'Connection', b'keep-alive'), (b'Date', b'Mon, 15 Jun 2026 19:11:32 GMT'), (b'content-encoding', b'gzip'), (b'ETag', b'W/"eab-RJRA8txVrY1MtRrbd28ZH2H3QFk"'), (b'X-Powered-By', b'huggingface-moon'), (b'X-Request-Id', b'Root=1-6a304e64-7f558cec10b692d6013532f9;96f6a34e-31ef-4dff-9bc9-cac3b5d72041'), (b'RateLimit', b'"api";r=498;t=116'), (b'RateLimit-Policy', b'"fixed window";"api";q=500;w=300'), (b'cross-origin-opener-policy', b'same-origin'), (b'Referrer-Policy', b'strict-origin-when-cross-origin'), (b'Access-Control-Max-Age', b'86400'), (b'Access-Control-Allow-Origin', b'https://huggingface.co'), (b'Vary', b'Origin'), (b'vary', b'Accept-Encoding'), (b'Access-Control-Expose-Headers', b'X-Repo-Commit,X-Request-Id,X-Error-Code,X-Error-Message,X-Total-Count,ETag,Link,Accept-Ranges,Content-Range,X-Linked-Size,X-Linked-ETag,X-Xet-Hash'), (b'X-Cache', b'Miss from cloudfront'), (b'Via', b'1.1 f353b9615396320dcfec689a26cf519e.cloudfront.net (CloudFront)'), (b'X-Amz-Cf-Pop', b'FRA50-P2'), (b'X-Amz-Cf-Id', b'SpKSwkHrhBZE5GHc_uwGPihLSnuhxvsvpAe1Jb89XfPyG-sDtNLaoA==')])
INFO:httpx:HTTP Request: GET https://huggingface.co/api/models/answerdotai/ModernBERT-base/tree/main?recursive=true&expand=false "HTTP/1.1 200 OK"
DEBUG:httpcore.http11:receive_response_body.started request=<Request [b'GET']>
DEBUG:httpcore.http11:receive_response_body.complete
DEBUG:httpcore.http11:response_closed.started
DEBUG:httpcore.http11:response_closed.complete
DEBUG:httpcore.http11:send_request_headers.started request=<Request [b'HEAD']>
DEBUG:httpcore.http11:send_request_headers.complete
DEBUG:httpcore.http11:send_request_body.started request=<Request [b'HEAD']>
DEBUG:httpcore.http11:send_request_body.complete
DEBUG:httpcore.http11:receive_response_headers.started request=<Request [b'HEAD']>
DEBUG:httpcore.http11:receive_response_headers.complete return_value=(b'HTTP/1.1', 307, b'Temporary Redirect', [(b'Content-Type', b'text/plain; charset=utf-8'), (b'Content-Length', b'258'), (b'Connection', b'keep-alive'), (b'Date', b'Mon, 15 Jun 2026 19:11:33 GMT'), (b'Location', b'/api/resolve-cache/models/answerdotai/ModernBERT-base/8949b909ec900327062f0ebf497f51aef5e6f0c8/config.json?%2Fanswerdotai%2FModernBERT-base%2Fresolve%2Fmain%2Fconfig.json=&etag=%2242dbe7f4826f9479e2f2965806dd206d07a57495%22'), (b'X-Powered-By', b'huggingface-moon'), (b'X-Request-Id', b'Root=1-6a304e65-38d024ea35f6acb94f439b0b;d03afa5a-a145-48b3-bd89-fbc4f35c53d1'), (b'RateLimit', b'"resolvers";r=2995;t=115'), (b'RateLimit-Policy', b'"fixed window";"resolvers";q=3000;w=300'), (b'cross-origin-opener-policy', b'same-origin'), (b'Referrer-Policy', b'strict-origin-when-cross-origin'), (b'Access-Control-Max-Age', b'86400'), (b'Access-Control-Allow-Origin', b'https://huggingface.co'), (b'Vary', b'Origin, Accept'), (b'Access-Control-Expose-Headers', b'X-Repo-Commit,X-Request-Id,X-Error-Code,X-Error-Message,X-Total-Count,ETag,Link,Accept-Ranges,Content-Range,X-Linked-Size,X-Linked-ETag,X-Xet-Hash'), (b'X-Repo-Commit', b'8949b909ec900327062f0ebf497f51aef5e6f0c8'), (b'Accept-Ranges', b'bytes'), (b'X-Hub-Cache', b'HIT'), (b'Content-Disposition', b'inline; filename*=UTF-8\'\'config.json; filename="config.json";'), (b'Content-Security-Policy', b"default-src 'none'; sandbox"), (b'X-Linked-ETag', b'"42dbe7f4826f9479e2f2965806dd206d07a57495"'), (b'X-Cache', b'Miss from cloudfront'), (b'Via', b'1.1 f353b9615396320dcfec689a26cf519e.cloudfront.net (CloudFront)'), (b'X-Amz-Cf-Pop', b'FRA50-P2'), (b'X-Amz-Cf-Id', b'EBRZY2J1saYY-djO9t0uRecxsTphkxjQwpoj4VK4nPisf69eQKc4YA==')])
INFO:httpx:HTTP Request: HEAD https://huggingface.co/answerdotai/ModernBERT-base/resolve/main/config.json "HTTP/1.1 307 Temporary Redirect"
DEBUG:httpcore.http11:receive_response_body.started request=<Request [b'HEAD']>
DEBUG:httpcore.http11:receive_response_body.complete
DEBUG:httpcore.http11:response_closed.started
DEBUG:httpcore.http11:response_closed.complete
DEBUG:httpcore.http11:send_request_headers.started request=<Request [b'HEAD']>
DEBUG:httpcore.http11:send_request_headers.complete
DEBUG:httpcore.http11:send_request_body.started request=<Request [b'HEAD']>
DEBUG:httpcore.http11:send_request_body.complete
DEBUG:httpcore.http11:receive_response_headers.started request=<Request [b'HEAD']>
DEBUG:httpcore.http11:receive_response_headers.complete return_value=(b'HTTP/1.1', 200, b'OK', [(b'Content-Type', b'text/plain; charset=utf-8'), (b'Content-Length', b'1193'), (b'Connection', b'keep-alive'), (b'Date', b'Wed, 25 Jun 2025 12:44:07 GMT'), (b'ETag', b'"42dbe7f4826f9479e2f2965806dd206d07a57495"'), (b'X-Powered-By', b'huggingface-moon'), (b'cross-origin-opener-policy', b'same-origin'), (b'Referrer-Policy', b'strict-origin-when-cross-origin'), (b'X-Request-Id', b'Root=1-685bef17-598262b27a87b60e12d5139e;114be591-372b-4dcb-9221-7e217932aa20'), (b'Access-Control-Allow-Origin', b'https://huggingface.co'), (b'Access-Control-Expose-Headers', b'X-Repo-Commit,X-Request-Id,X-Error-Code,X-Error-Message,X-Total-Count,ETag,Link,Accept-Ranges,Content-Range,X-Linked-Size,X-Linked-ETag,X-Xet-Hash'), (b'X-Repo-Commit', b'8949b909ec900327062f0ebf497f51aef5e6f0c8'), (b'Accept-Ranges', b'bytes'), (b'X-Hub-Cache', b'HIT'), (b'Content-Disposition', b'inline; filename*=UTF-8\'\'config.json; filename="config.json";'), (b'Content-Security-Policy', b"default-src 'none'; sandbox"), (b'Vary', b'Origin'), (b'X-Cache', b'Hit from cloudfront'), (b'Via', b'1.1 f353b9615396320dcfec689a26cf519e.cloudfront.net (CloudFront)'), (b'X-Amz-Cf-Pop', b'FRA50-P2'), (b'X-Amz-Cf-Id', b'HoE85wx4t4duios8oTTCpxtrhlssQExMryJIcqg2MtExYP-w-Dpv4w=='), (b'Age', b'30695246')])
INFO:httpx:HTTP Request: HEAD https://huggingface.co/api/resolve-cache/models/answerdotai/ModernBERT-base/8949b909ec900327062f0ebf497f51aef5e6f0c8/config.json "HTTP/1.1 200 OK"
DEBUG:httpcore.http11:receive_response_body.started request=<Request [b'HEAD']>
DEBUG:httpcore.http11:receive_response_body.complete
DEBUG:httpcore.http11:response_closed.started
DEBUG:httpcore.http11:response_closed.complete
Loading weights:   0%|          | 0/134 [00:00<?, ?it/s]Loading weights: 100%|██████████| 134/134 [00:00<00:00, 6357.31it/s]
root
├── embeddings (ModernBertEmbeddings)
│   ├── tok_embeddings (Embedding) weight:[50368, 768]
│   └── norm (LayerNorm) weight:[768]
├── layers (ModuleList)
│   ├── 0 (ModernBertEncoderLayer)
│   │   ├── attn (ModernBertAttention)
│   │   │   ├── Wqkv (Linear) weight:[2304, 768]
│   │   │   ├── Wo (Linear) weight:[768, 768]
│   │   │   └── adapter (AdapterLayer)
│   │   │       └── modulelist (Sequential)
│   │   │           ├── down_proj (Linear) weight:[64, 768] bias:[64]
│   │   │           └── up_proj (Linear) weight:[768, 64] bias:[768]
│   │   ├── mlp_norm (LayerNorm) weight:[768]
│   │   └── mlp (ModernBertMLP)
│   │       ├── Wi (Linear) weight:[2304, 768]
│   │       ├── Wo (Linear) weight:[768, 1152]
│   │       └── adapter (AdapterLayer)
│   │           └── modulelist (Sequential)
│   │               ├── down_proj (Linear) weight:[64, 768] bias:[64]
│   │               └── up_proj (Linear) weight:[768, 64] bias:[768]
│   └── 1-21(ModernBertEncoderLayer)
│       ├── attn_norm,mlp_norm(LayerNorm) weight:[768]
│       ├── attn (ModernBertAttention)
│       │   ├── Wqkv (Linear) weight:[2304, 768]
│       │   ├── Wo (Linear) weight:[768, 768]
│       │   └── adapter (AdapterLayer)
│       │       └── modulelist (Sequential)
│       │           ├── down_proj (Linear) weight:[64, 768] bias:[64]
│       │           └── up_proj (Linear) weight:[768, 64] bias:[768]
│       └── mlp (ModernBertMLP)
│           ├── Wi (Linear) weight:[2304, 768]
│           ├── Wo (Linear) weight:[768, 1152]
│           └── adapter (AdapterLayer)
│               └── modulelist (Sequential)
│                   ├── down_proj (Linear) weight:[64, 768] bias:[64]
│                   └── up_proj (Linear) weight:[768, 64] bias:[768]
└── final_norm (LayerNorm) weight:[768]
[INFO|(OpenDelta)basemodel:696]2026-06-15 19:11:33,883 >> Trainable Ratio: 4361984/153376256=2.843976%
[INFO|(OpenDelta)basemodel:698]2026-06-15 19:11:33,883 >> Delta Parameter Ratio: 4361984/153376256=2.843976%
[INFO|(OpenDelta)basemodel:700]2026-06-15 19:11:33,883 >> Static Memory 0.00 GB, Max Memory 0.00 GB
INFO:name:Model:
MultiTaskModel_MTL(
  (encoder): ModernBertModel(
    (embeddings): ModernBertEmbeddings(
      (tok_embeddings): Embedding(50368, 768, padding_idx=50283)
      (norm): LayerNorm((768,), eps=1e-05, elementwise_affine=True)
      (drop): Dropout(p=0.0, inplace=False)
    )
    (layers): ModuleList(
      (0): ModernBertEncoderLayer(
        (attn_norm): Identity()
        (attn): ModernBertAttention(
          (Wqkv): Linear(in_features=768, out_features=2304, bias=False)
          (Wo): Linear(in_features=768, out_features=768, bias=False)
          (out_drop): Identity()
          (adapter): AdapterLayer(
            (modulelist): Sequential(
              (down_proj): Linear(in_features=768, out_features=64, bias=True)
              (non_linear): gelu_new
              (up_proj): Linear(in_features=64, out_features=768, bias=True)
            )
          )
        )
        (mlp_norm): LayerNorm((768,), eps=1e-05, elementwise_affine=True)
        (mlp): ModernBertMLP(
          (Wi): Linear(in_features=768, out_features=2304, bias=False)
          (act): GELUActivation()
          (drop): Dropout(p=0.0, inplace=False)
          (Wo): Linear(in_features=1152, out_features=768, bias=False)
          (adapter): AdapterLayer(
            (modulelist): Sequential(
              (down_proj): Linear(in_features=768, out_features=64, bias=True)
              (non_linear): gelu_new
              (up_proj): Linear(in_features=64, out_features=768, bias=True)
            )
          )
        )
      )
      (1-21): 21 x ModernBertEncoderLayer(
        (attn_norm): LayerNorm((768,), eps=1e-05, elementwise_affine=True)
        (attn): ModernBertAttention(
          (Wqkv): Linear(in_features=768, out_features=2304, bias=False)
          (Wo): Linear(in_features=768, out_features=768, bias=False)
          (out_drop): Identity()
          (adapter): AdapterLayer(
            (modulelist): Sequential(
              (down_proj): Linear(in_features=768, out_features=64, bias=True)
              (non_linear): gelu_new
              (up_proj): Linear(in_features=64, out_features=768, bias=True)
            )
          )
        )
        (mlp_norm): LayerNorm((768,), eps=1e-05, elementwise_affine=True)
        (mlp): ModernBertMLP(
          (Wi): Linear(in_features=768, out_features=2304, bias=False)
          (act): GELUActivation()
          (drop): Dropout(p=0.0, inplace=False)
          (Wo): Linear(in_features=1152, out_features=768, bias=False)
          (adapter): AdapterLayer(
            (modulelist): Sequential(
              (down_proj): Linear(in_features=768, out_features=64, bias=True)
              (non_linear): gelu_new
              (up_proj): Linear(in_features=64, out_features=768, bias=True)
            )
          )
        )
      )
    )
    (final_norm): LayerNorm((768,), eps=1e-05, elementwise_affine=True)
    (rotary_emb): ModernBertRotaryEmbedding()
  )
  (task_heads): ModuleDict(
    (clone_detection): Sequential(
      (0): Linear(in_features=768, out_features=384, bias=True)
      (1): GELU(approximate='none')
      (2): Dropout(p=0.1, inplace=False)
      (3): Linear(in_features=384, out_features=1, bias=True)
    )
    (vul_detection): Sequential(
      (0): Linear(in_features=768, out_features=384, bias=True)
      (1): GELU(approximate='none')
      (2): Dropout(p=0.1, inplace=False)
      (3): Linear(in_features=384, out_features=1, bias=True)
    )
  )
)
INFO:name:Preparing the clone detection Dataset...

INFO:name:Preparing the vulnerability detection Dataset...

INFO:name:Using TemperatureSampler  T=0.30  probs=['0.687', '0.313']
INFO:name:Preparing the clone detection Dataset...

INFO:name:Preparing the vulnerability detection Dataset...

INFO:name:Preparing the clone detection Dataset...

INFO:name:Preparing the vulnerability detection Dataset...

INFO:name:  Normalized weights: uniform for epoch 1, updated each epoch (w ∝ L_i).
INFO:name:======================================================================
INFO:name:***** Running Training *****
INFO:name:  Model         : answerdotai/ModernBERT-base
INFO:name:  PEFT          : adapter
INFO:name:  Loss weighting: normalized
INFO:name:  Epochs        : 10
INFO:name:  Batch size    : 128  |  LR: 1.00e-04  |  GPUs: 1
INFO:name:  Steps/epoch   : ~2515  |  Total steps: ~25150
INFO:name:  Tasks & train sizes:
INFO:name:    clone_detection         300000 examples
INFO:name:    vul_detection           21854 examples
INFO:name:======================================================================
DEBUG:httpcore.connection:close.started
DEBUG:httpcore.connection:close.complete
DEBUG:httpcore.connection:close.started
DEBUG:httpcore.connection:close.complete
DEBUG:httpcore.connection:close.started
DEBUG:httpcore.connection:close.complete
DEBUG:httpcore.connection:close.started
DEBUG:httpcore.connection:close.complete
INFO:name:E1/10  step 32/2515  total=0.7316  lr=1.27e-06  |  clone_detection=0.7017  vul_detection=0.7655
INFO:name:E1/10  step 64/2515  total=0.7211  lr=2.54e-06  |  clone_detection=0.7001  vul_detection=0.7586
INFO:name:E1/10  step 96/2515  total=0.7138  lr=3.82e-06  |  clone_detection=0.6975  vul_detection=0.7535
INFO:name:E1/10  step 128/2515  total=0.7113  lr=5.09e-06  |  clone_detection=0.6966  vul_detection=0.7462
INFO:name:E1/10  step 160/2515  total=0.7075  lr=6.36e-06  |  clone_detection=0.6943  vul_detection=0.7401
INFO:name:E1/10  step 192/2515  total=0.7042  lr=7.63e-06  |  clone_detection=0.6925  vul_detection=0.7306
INFO:name:E1/10  step 224/2515  total=0.7009  lr=8.91e-06  |  clone_detection=0.6901  vul_detection=0.7252
INFO:name:E1/10  step 256/2515  total=0.6974  lr=1.02e-05  |  clone_detection=0.6867  vul_detection=0.7215
INFO:name:E1/10  step 288/2515  total=0.6928  lr=1.15e-05  |  clone_detection=0.6820  vul_detection=0.7192
INFO:name:E1/10  step 320/2515  total=0.6879  lr=1.27e-05  |  clone_detection=0.6761  vul_detection=0.7164
INFO:name:E1/10  step 352/2515  total=0.6827  lr=1.40e-05  |  clone_detection=0.6694  vul_detection=0.7134
INFO:name:E1/10  step 384/2515  total=0.6765  lr=1.53e-05  |  clone_detection=0.6611  vul_detection=0.7116
INFO:name:E1/10  step 416/2515  total=0.6701  lr=1.65e-05  |  clone_detection=0.6520  vul_detection=0.7101
INFO:name:E1/10  step 448/2515  total=0.6648  lr=1.78e-05  |  clone_detection=0.6444  vul_detection=0.7083
INFO:name:E1/10  step 480/2515  total=0.6557  lr=1.91e-05  |  clone_detection=0.6323  vul_detection=0.7072
INFO:name:E1/10  step 512/2515  total=0.6474  lr=2.04e-05  |  clone_detection=0.6213  vul_detection=0.7059
INFO:name:E1/10  step 544/2515  total=0.6410  lr=2.16e-05  |  clone_detection=0.6122  vul_detection=0.7041
INFO:name:E1/10  step 576/2515  total=0.6320  lr=2.29e-05  |  clone_detection=0.6003  vul_detection=0.7036
INFO:name:E1/10  step 608/2515  total=0.6245  lr=2.42e-05  |  clone_detection=0.5895  vul_detection=0.7022
INFO:name:E1/10  step 640/2515  total=0.6192  lr=2.54e-05  |  clone_detection=0.5809  vul_detection=0.7010
INFO:name:E1/10  step 672/2515  total=0.6111  lr=2.67e-05  |  clone_detection=0.5695  vul_detection=0.7001
INFO:name:E1/10  step 704/2515  total=0.6031  lr=2.80e-05  |  clone_detection=0.5582  vul_detection=0.6998
INFO:name:E1/10  step 736/2515  total=0.5949  lr=2.93e-05  |  clone_detection=0.5468  vul_detection=0.6992
INFO:name:E1/10  step 768/2515  total=0.5841  lr=3.05e-05  |  clone_detection=0.5326  vul_detection=0.6988
INFO:name:E1/10  step 800/2515  total=0.5768  lr=3.18e-05  |  clone_detection=0.5223  vul_detection=0.6980
INFO:name:E1/10  step 832/2515  total=0.5699  lr=3.31e-05  |  clone_detection=0.5129  vul_detection=0.6974
INFO:name:E1/10  step 864/2515  total=0.5649  lr=3.44e-05  |  clone_detection=0.5051  vul_detection=0.6965
INFO:name:E1/10  step 896/2515  total=0.5591  lr=3.56e-05  |  clone_detection=0.4967  vul_detection=0.6959
INFO:name:E1/10  step 928/2515  total=0.5524  lr=3.69e-05  |  clone_detection=0.4873  vul_detection=0.6957
INFO:name:E1/10  step 960/2515  total=0.5475  lr=3.82e-05  |  clone_detection=0.4798  vul_detection=0.6951
INFO:name:E1/10  step 992/2515  total=0.5417  lr=3.94e-05  |  clone_detection=0.4719  vul_detection=0.6946
INFO:name:E1/10  step 1024/2515  total=0.5359  lr=4.07e-05  |  clone_detection=0.4638  vul_detection=0.6939
INFO:name:E1/10  step 1056/2515  total=0.5284  lr=4.20e-05  |  clone_detection=0.4543  vul_detection=0.6936
INFO:name:E1/10  step 1088/2515  total=0.5252  lr=4.33e-05  |  clone_detection=0.4488  vul_detection=0.6928
INFO:name:E1/10  step 1120/2515  total=0.5205  lr=4.45e-05  |  clone_detection=0.4420  vul_detection=0.6925
INFO:name:E1/10  step 1152/2515  total=0.5159  lr=4.58e-05  |  clone_detection=0.4349  vul_detection=0.6920
INFO:name:E1/10  step 1184/2515  total=0.5105  lr=4.71e-05  |  clone_detection=0.4275  vul_detection=0.6916
INFO:name:E1/10  step 1216/2515  total=0.5058  lr=4.83e-05  |  clone_detection=0.4210  vul_detection=0.6910
INFO:name:E1/10  step 1248/2515  total=0.4986  lr=4.96e-05  |  clone_detection=0.4126  vul_detection=0.6908
INFO:name:E1/10  step 1280/2515  total=0.4949  lr=5.09e-05  |  clone_detection=0.4070  vul_detection=0.6904
INFO:name:E1/10  step 1312/2515  total=0.4899  lr=5.22e-05  |  clone_detection=0.4004  vul_detection=0.6903
INFO:name:E1/10  step 1344/2515  total=0.4860  lr=5.34e-05  |  clone_detection=0.3949  vul_detection=0.6900
INFO:name:E1/10  step 1376/2515  total=0.4811  lr=5.47e-05  |  clone_detection=0.3886  vul_detection=0.6897
INFO:name:E1/10  step 1408/2515  total=0.4778  lr=5.60e-05  |  clone_detection=0.3835  vul_detection=0.6894
INFO:name:E1/10  step 1440/2515  total=0.4759  lr=5.73e-05  |  clone_detection=0.3793  vul_detection=0.6892
INFO:name:E1/10  step 1472/2515  total=0.4719  lr=5.85e-05  |  clone_detection=0.3741  vul_detection=0.6889
INFO:name:E1/10  step 1504/2515  total=0.4672  lr=5.98e-05  |  clone_detection=0.3684  vul_detection=0.6887
INFO:name:E1/10  step 1536/2515  total=0.4636  lr=6.11e-05  |  clone_detection=0.3633  vul_detection=0.6882
INFO:name:E1/10  step 1568/2515  total=0.4612  lr=6.23e-05  |  clone_detection=0.3594  vul_detection=0.6880
INFO:name:E1/10  step 1600/2515  total=0.4579  lr=6.36e-05  |  clone_detection=0.3548  vul_detection=0.6875
INFO:name:E1/10  step 1632/2515  total=0.4550  lr=6.49e-05  |  clone_detection=0.3506  vul_detection=0.6873
INFO:name:E1/10  step 1664/2515  total=0.4521  lr=6.62e-05  |  clone_detection=0.3463  vul_detection=0.6868
INFO:name:E1/10  step 1696/2515  total=0.4507  lr=6.74e-05  |  clone_detection=0.3431  vul_detection=0.6861
INFO:name:E1/10  step 1728/2515  total=0.4491  lr=6.87e-05  |  clone_detection=0.3398  vul_detection=0.6857
INFO:name:E1/10  step 1760/2515  total=0.4475  lr=7.00e-05  |  clone_detection=0.3365  vul_detection=0.6854
INFO:name:E1/10  step 1792/2515  total=0.4442  lr=7.13e-05  |  clone_detection=0.3322  vul_detection=0.6850
INFO:name:E1/10  step 1824/2515  total=0.4407  lr=7.25e-05  |  clone_detection=0.3280  vul_detection=0.6849
INFO:name:E1/10  step 1856/2515  total=0.4383  lr=7.38e-05  |  clone_detection=0.3244  vul_detection=0.6845
INFO:name:E1/10  step 1888/2515  total=0.4357  lr=7.51e-05  |  clone_detection=0.3207  vul_detection=0.6843
INFO:name:E1/10  step 1920/2515  total=0.4324  lr=7.63e-05  |  clone_detection=0.3165  vul_detection=0.6841
INFO:name:E1/10  step 1952/2515  total=0.4297  lr=7.76e-05  |  clone_detection=0.3131  vul_detection=0.6839
INFO:name:E1/10  step 1984/2515  total=0.4285  lr=7.89e-05  |  clone_detection=0.3103  vul_detection=0.6837
INFO:name:E1/10  step 2016/2515  total=0.4257  lr=8.02e-05  |  clone_detection=0.3067  vul_detection=0.6835
INFO:name:E1/10  step 2048/2515  total=0.4223  lr=8.14e-05  |  clone_detection=0.3025  vul_detection=0.6833
INFO:name:E1/10  step 2080/2515  total=0.4195  lr=8.27e-05  |  clone_detection=0.2989  vul_detection=0.6829
INFO:name:E1/10  step 2112/2515  total=0.4171  lr=8.40e-05  |  clone_detection=0.2959  vul_detection=0.6826
INFO:name:E1/10  step 2144/2515  total=0.4150  lr=8.52e-05  |  clone_detection=0.2929  vul_detection=0.6823
INFO:name:E1/10  step 2176/2515  total=0.4122  lr=8.65e-05  |  clone_detection=0.2896  vul_detection=0.6821
INFO:name:E1/10  step 2208/2515  total=0.4106  lr=8.78e-05  |  clone_detection=0.2869  vul_detection=0.6816
INFO:name:E1/10  step 2240/2515  total=0.4084  lr=8.91e-05  |  clone_detection=0.2839  vul_detection=0.6813
INFO:name:E1/10  step 2272/2515  total=0.4065  lr=9.03e-05  |  clone_detection=0.2814  vul_detection=0.6811
INFO:name:E1/10  step 2304/2515  total=0.4053  lr=9.16e-05  |  clone_detection=0.2791  vul_detection=0.6809
INFO:name:E1/10  step 2336/2515  total=0.4026  lr=9.29e-05  |  clone_detection=0.2761  vul_detection=0.6805
INFO:name:E1/10  step 2368/2515  total=0.4008  lr=9.42e-05  |  clone_detection=0.2735  vul_detection=0.6802
INFO:name:E1/10  step 2400/2515  total=0.3984  lr=9.54e-05  |  clone_detection=0.2707  vul_detection=0.6799
INFO:name:E1/10  step 2432/2515  total=0.3978  lr=9.67e-05  |  clone_detection=0.2690  vul_detection=0.6796
INFO:name:E1/10  step 2464/2515  total=0.3953  lr=9.80e-05  |  clone_detection=0.2662  vul_detection=0.6792
INFO:name:E1/10  step 2496/2515  total=0.3937  lr=9.92e-05  |  clone_detection=0.2639  vul_detection=0.6788
INFO:name:----------------------------------------------------------------------
INFO:name:Epoch 1/10 — Train Summary
INFO:name:  Task                        Loss    Weight        Tokens
INFO:name:  ----                        ----    ------        ------
INFO:name:  clone_detection           0.2623    1.0000      91951513
INFO:name:  vul_detection             0.6786    1.0000      30237099
INFO:name:  TOTAL                     0.3924               122188612  (epoch)  cumulative=122188612
INFO:name:  epoch_time=2806.2s  peak_gpu_memory=38.982GB
INFO:name:----------------------------------------------------------------------
INFO:name:  Normalized weights → next epoch: {'clone_detection': '0.5575', 'vul_detection': '1.4425'}
INFO:name:----------------------------------------------------------------------
INFO:name:  Gradient Norms (L2, shared encoder params):
INFO:name:    clone_detection         grad_norm=  0.390028
INFO:name:    vul_detection           grad_norm=  0.842252
INFO:name:----------------------------------------------------------------------
INFO:name:  Gradient Conflict Matrix (cosine similarity of encoder grads):
INFO:name:  Task A                  Task B                     cos_sim  
INFO:name:  clone_detection         vul_detection              -0.0669  [CONFLICT]
INFO:name:----------------------------------------------------------------------
DEBUG:httpcore.connection:close.started
DEBUG:httpcore.connection:close.complete
DEBUG:httpcore.connection:close.started
DEBUG:httpcore.connection:close.complete
DEBUG:httpcore.connection:close.started
DEBUG:httpcore.connection:close.complete
DEBUG:httpcore.connection:close.started
DEBUG:httpcore.connection:close.complete
DEBUG:httpcore.connection:close.started
DEBUG:httpcore.connection:close.complete
DEBUG:httpcore.connection:close.started
DEBUG:httpcore.connection:close.complete
DEBUG:httpcore.connection:close.started
DEBUG:httpcore.connection:close.complete
DEBUG:httpcore.connection:close.started
DEBUG:httpcore.connection:close.complete
INFO:name:----------------------------------------------------------------------
INFO:name:Eval — Epoch 1
INFO:name:  Task                        Acc       F1    Recall   Precision     Loss      MRR
INFO:name:  --------------------------------------------------------------------
INFO:name:  clone_detection          0.9659   0.8770    0.9390      0.8227   0.0964        -
INFO:name:  vul_detection            0.5761   0.5455    0.5855      0.5107   0.6773        -
INFO:name:  --------------------------------------------------------------------
INFO:name:                          combined = 0.7112
INFO:name:----------------------------------------------------------------------
Saved 185 trainable params -> ./adapters/modernbert_clone_vul_adapter_norm_v2/model.bin
INFO:name:  >> New best (0.7112) — checkpoint saved.
INFO:name:  Testing clone_detection (415416 examples)
DEBUG:httpcore.connection:close.started
DEBUG:httpcore.connection:close.complete
DEBUG:httpcore.connection:close.started
DEBUG:httpcore.connection:close.complete
DEBUG:httpcore.connection:close.started
DEBUG:httpcore.connection:close.complete
DEBUG:httpcore.connection:close.started
DEBUG:httpcore.connection:close.complete
INFO:name:  Testing vul_detection (2732 examples)
DEBUG:httpcore.connection:close.started
DEBUG:httpcore.connection:close.complete
DEBUG:httpcore.connection:close.started
DEBUG:httpcore.connection:close.complete
DEBUG:httpcore.connection:close.started
DEBUG:httpcore.connection:close.complete
DEBUG:httpcore.connection:close.started
DEBUG:httpcore.connection:close.complete
INFO:name:----------------------------------------------------------------------
INFO:name:Test — Epoch 1
INFO:name:  Task                        Acc       F1    Recall   Precision     Loss      MRR
INFO:name:  --------------------------------------------------------------------
INFO:name:  clone_detection          0.9730   0.9053    0.9442      0.8696        -        -
INFO:name:  vul_detection            0.5794   0.5593    0.5809      0.5392        -        -
INFO:name:  --------------------------------------------------------------------
INFO:name:----------------------------------------------------------------------
DEBUG:httpcore.connection:close.started
DEBUG:httpcore.connection:close.complete
DEBUG:httpcore.connection:close.started
DEBUG:httpcore.connection:close.complete
DEBUG:httpcore.connection:close.started
DEBUG:httpcore.connection:close.complete
DEBUG:httpcore.connection:close.started
DEBUG:httpcore.connection:close.complete
INFO:name:E2/10  step 32/2515  total=0.4607  lr=9.99e-05  |  clone_detection=0.0617  vul_detection=0.6543
INFO:name:E2/10  step 64/2515  total=0.3647  lr=9.97e-05  |  clone_detection=0.0711  vul_detection=0.6546
INFO:name:E2/10  step 96/2515  total=0.3013  lr=9.96e-05  |  clone_detection=0.0664  vul_detection=0.6537
INFO:name:E2/10  step 128/2515  total=0.3057  lr=9.94e-05  |  clone_detection=0.0677  vul_detection=0.6520
INFO:name:E2/10  step 160/2515  total=0.2972  lr=9.93e-05  |  clone_detection=0.0669  vul_detection=0.6526
INFO:name:E2/10  step 192/2515  total=0.3153  lr=9.92e-05  |  clone_detection=0.0687  vul_detection=0.6516
INFO:name:E2/10  step 224/2515  total=0.3159  lr=9.90e-05  |  clone_detection=0.0680  vul_detection=0.6519
INFO:name:E2/10  step 256/2515  total=0.3159  lr=9.89e-05  |  clone_detection=0.0671  vul_detection=0.6516
INFO:name:E2/10  step 288/2515  total=0.3001  lr=9.87e-05  |  clone_detection=0.0672  vul_detection=0.6503
INFO:name:E2/10  step 320/2515  total=0.3028  lr=9.86e-05  |  clone_detection=0.0677  vul_detection=0.6517
INFO:name:E2/10  step 352/2515  total=0.3113  lr=9.84e-05  |  clone_detection=0.0674  vul_detection=0.6503
INFO:name:E2/10  step 384/2515  total=0.3121  lr=9.83e-05  |  clone_detection=0.0674  vul_detection=0.6506
INFO:name:E2/10  step 416/2515  total=0.3158  lr=9.82e-05  |  clone_detection=0.0660  vul_detection=0.6494
INFO:name:E2/10  step 448/2515  total=0.3238  lr=9.80e-05  |  clone_detection=0.0646  vul_detection=0.6501
INFO:name:E2/10  step 480/2515  total=0.3176  lr=9.79e-05  |  clone_detection=0.0646  vul_detection=0.6496
INFO:name:E2/10  step 512/2515  total=0.3139  lr=9.77e-05  |  clone_detection=0.0645  vul_detection=0.6492
INFO:name:E2/10  step 544/2515  total=0.3173  lr=9.76e-05  |  clone_detection=0.0644  vul_detection=0.6491
INFO:name:E2/10  step 576/2515  total=0.3120  lr=9.75e-05  |  clone_detection=0.0642  vul_detection=0.6480
INFO:name:E2/10  step 608/2515  total=0.3143  lr=9.73e-05  |  clone_detection=0.0640  vul_detection=0.6462
INFO:name:E2/10  step 640/2515  total=0.3207  lr=9.72e-05  |  clone_detection=0.0639  vul_detection=0.6447
INFO:name:E2/10  step 672/2515  total=0.3202  lr=9.70e-05  |  clone_detection=0.0639  vul_detection=0.6442
INFO:name:E2/10  step 704/2515  total=0.3183  lr=9.69e-05  |  clone_detection=0.0638  vul_detection=0.6433
INFO:name:E2/10  step 736/2515  total=0.3164  lr=9.67e-05  |  clone_detection=0.0631  vul_detection=0.6428
INFO:name:E2/10  step 768/2515  total=0.3110  lr=9.66e-05  |  clone_detection=0.0627  vul_detection=0.6419
INFO:name:E2/10  step 800/2515  total=0.3103  lr=9.65e-05  |  clone_detection=0.0617  vul_detection=0.6408
INFO:name:E2/10  step 832/2515  total=0.3091  lr=9.63e-05  |  clone_detection=0.0612  vul_detection=0.6407
INFO:name:E2/10  step 864/2515  total=0.3119  lr=9.62e-05  |  clone_detection=0.0610  vul_detection=0.6401
INFO:name:E2/10  step 896/2515  total=0.3127  lr=9.60e-05  |  clone_detection=0.0607  vul_detection=0.6399
INFO:name:E2/10  step 928/2515  total=0.3119  lr=9.59e-05  |  clone_detection=0.0613  vul_detection=0.6399
INFO:name:E2/10  step 960/2515  total=0.3132  lr=9.58e-05  |  clone_detection=0.0612  vul_detection=0.6387
INFO:name:E2/10  step 992/2515  total=0.3118  lr=9.56e-05  |  clone_detection=0.0610  vul_detection=0.6379
INFO:name:E2/10  step 1024/2515  total=0.3115  lr=9.55e-05  |  clone_detection=0.0605  vul_detection=0.6378
INFO:name:E2/10  step 1056/2515  total=0.3078  lr=9.53e-05  |  clone_detection=0.0600  vul_detection=0.6375
INFO:name:E2/10  step 1088/2515  total=0.3111  lr=9.52e-05  |  clone_detection=0.0601  vul_detection=0.6374
INFO:name:E2/10  step 1120/2515  total=0.3105  lr=9.51e-05  |  clone_detection=0.0598  vul_detection=0.6362
INFO:name:E2/10  step 1152/2515  total=0.3113  lr=9.49e-05  |  clone_detection=0.0594  vul_detection=0.6349
INFO:name:E2/10  step 1184/2515  total=0.3099  lr=9.48e-05  |  clone_detection=0.0592  vul_detection=0.6338
INFO:name:E2/10  step 1216/2515  total=0.3091  lr=9.46e-05  |  clone_detection=0.0587  vul_detection=0.6325
INFO:name:E2/10  step 1248/2515  total=0.3046  lr=9.45e-05  |  clone_detection=0.0585  vul_detection=0.6321
INFO:name:E2/10  step 1280/2515  total=0.3048  lr=9.43e-05  |  clone_detection=0.0582  vul_detection=0.6313
INFO:name:E2/10  step 1312/2515  total=0.3033  lr=9.42e-05  |  clone_detection=0.0578  vul_detection=0.6312
INFO:name:E2/10  step 1344/2515  total=0.3029  lr=9.41e-05  |  clone_detection=0.0575  vul_detection=0.6303
INFO:name:E2/10  step 1376/2515  total=0.3014  lr=9.39e-05  |  clone_detection=0.0573  vul_detection=0.6298
INFO:name:E2/10  step 1408/2515  total=0.3018  lr=9.38e-05  |  clone_detection=0.0568  vul_detection=0.6294
INFO:name:E2/10  step 1440/2515  total=0.3039  lr=9.36e-05  |  clone_detection=0.0564  vul_detection=0.6277
INFO:name:E2/10  step 1472/2515  total=0.3026  lr=9.35e-05  |  clone_detection=0.0563  vul_detection=0.6274
INFO:name:E2/10  step 1504/2515  total=0.3005  lr=9.34e-05  |  clone_detection=0.0561  vul_detection=0.6267
INFO:name:E2/10  step 1536/2515  total=0.3002  lr=9.32e-05  |  clone_detection=0.0557  vul_detection=0.6261
INFO:name:E2/10  step 1568/2515  total=0.3009  lr=9.31e-05  |  clone_detection=0.0552  vul_detection=0.6254
INFO:name:E2/10  step 1600/2515  total=0.3006  lr=9.29e-05  |  clone_detection=0.0551  vul_detection=0.6249
INFO:name:E2/10  step 1632/2515  total=0.3004  lr=9.28e-05  |  clone_detection=0.0549  vul_detection=0.6245
INFO:name:E2/10  step 1664/2515  total=0.3005  lr=9.26e-05  |  clone_detection=0.0546  vul_detection=0.6237
INFO:name:E2/10  step 1696/2515  total=0.3022  lr=9.25e-05  |  clone_detection=0.0544  vul_detection=0.6218
INFO:name:E2/10  step 1728/2515  total=0.3035  lr=9.24e-05  |  clone_detection=0.0543  vul_detection=0.6204
INFO:name:E2/10  step 1760/2515  total=0.3047  lr=9.22e-05  |  clone_detection=0.0540  vul_detection=0.6192
INFO:name:E2/10  step 1792/2515  total=0.3038  lr=9.21e-05  |  clone_detection=0.0537  vul_detection=0.6187
INFO:name:E2/10  step 1824/2515  total=0.3019  lr=9.19e-05  |  clone_detection=0.0533  vul_detection=0.6182
INFO:name:E2/10  step 1856/2515  total=0.3019  lr=9.18e-05  |  clone_detection=0.0530  vul_detection=0.6175
INFO:name:E2/10  step 1888/2515  total=0.3013  lr=9.17e-05  |  clone_detection=0.0528  vul_detection=0.6164
INFO:name:E2/10  step 1920/2515  total=0.2998  lr=9.15e-05  |  clone_detection=0.0525  vul_detection=0.6155
INFO:name:E2/10  step 1952/2515  total=0.2991  lr=9.14e-05  |  clone_detection=0.0523  vul_detection=0.6152
INFO:name:E2/10  step 1984/2515  total=0.3003  lr=9.12e-05  |  clone_detection=0.0520  vul_detection=0.6143
INFO:name:E2/10  step 2016/2515  total=0.2993  lr=9.11e-05  |  clone_detection=0.0519  vul_detection=0.6132
INFO:name:E2/10  step 2048/2515  total=0.2977  lr=9.10e-05  |  clone_detection=0.0518  vul_detection=0.6127
INFO:name:E2/10  step 2080/2515  total=0.2968  lr=9.08e-05  |  clone_detection=0.0517  vul_detection=0.6118
INFO:name:E2/10  step 2112/2515  total=0.2960  lr=9.07e-05  |  clone_detection=0.0516  vul_detection=0.6110
INFO:name:E2/10  step 2144/2515  total=0.2955  lr=9.05e-05  |  clone_detection=0.0514  vul_detection=0.6102
INFO:name:E2/10  step 2176/2515  total=0.2944  lr=9.04e-05  |  clone_detection=0.0511  vul_detection=0.6095
INFO:name:E2/10  step 2208/2515  total=0.2944  lr=9.02e-05  |  clone_detection=0.0508  vul_detection=0.6082
INFO:name:E2/10  step 2240/2515  total=0.2936  lr=9.01e-05  |  clone_detection=0.0506  vul_detection=0.6067
INFO:name:E2/10  step 2272/2515  total=0.2928  lr=9.00e-05  |  clone_detection=0.0504  vul_detection=0.6059
INFO:name:E2/10  step 2304/2515  total=0.2930  lr=8.98e-05  |  clone_detection=0.0502  vul_detection=0.6041
INFO:name:E2/10  step 2336/2515  total=0.2915  lr=8.97e-05  |  clone_detection=0.0501  vul_detection=0.6033
INFO:name:E2/10  step 2368/2515  total=0.2909  lr=8.95e-05  |  clone_detection=0.0499  vul_detection=0.6022
INFO:name:E2/10  step 2400/2515  total=0.2897  lr=8.94e-05  |  clone_detection=0.0496  vul_detection=0.6013
INFO:name:E2/10  step 2432/2515  total=0.2904  lr=8.93e-05  |  clone_detection=0.0493  vul_detection=0.5999
INFO:name:E2/10  step 2464/2515  total=0.2891  lr=8.91e-05  |  clone_detection=0.0492  vul_detection=0.5995
INFO:name:E2/10  step 2496/2515  total=0.2889  lr=8.90e-05  |  clone_detection=0.0491  vul_detection=0.5985
INFO:name:----------------------------------------------------------------------
INFO:name:Epoch 2/10 — Train Summary
INFO:name:  Task                        Loss    Weight        Tokens
INFO:name:  ----                        ----    ------        ------
INFO:name:  clone_detection           0.0490    0.5575      91955542
INFO:name:  vul_detection             0.5981    1.4425      30235759
INFO:name:  TOTAL                     0.2884               122191301  (epoch)  cumulative=244379913
INFO:name:  epoch_time=2812.2s  peak_gpu_memory=38.982GB
INFO:name:----------------------------------------------------------------------
INFO:name:  Normalized weights → next epoch: {'clone_detection': '0.1513', 'vul_detection': '1.8487'}
INFO:name:----------------------------------------------------------------------
INFO:name:  Gradient Norms (L2, shared encoder params):
INFO:name:    clone_detection         grad_norm=  0.100914
INFO:name:    vul_detection           grad_norm=  1.586139
INFO:name:----------------------------------------------------------------------
INFO:name:  Gradient Conflict Matrix (cosine similarity of encoder grads):
INFO:name:  Task A                  Task B                     cos_sim  
INFO:name:  clone_detection         vul_detection              +0.0393  [aligned]
INFO:name:----------------------------------------------------------------------
DEBUG:httpcore.connection:close.started
DEBUG:httpcore.connection:close.complete
DEBUG:httpcore.connection:close.started
DEBUG:httpcore.connection:close.complete
DEBUG:httpcore.connection:close.started
DEBUG:httpcore.connection:close.complete
DEBUG:httpcore.connection:close.started
DEBUG:httpcore.connection:close.complete
DEBUG:httpcore.connection:close.started
DEBUG:httpcore.connection:close.complete
DEBUG:httpcore.connection:close.started
DEBUG:httpcore.connection:close.complete
DEBUG:httpcore.connection:close.started
DEBUG:httpcore.connection:close.complete
DEBUG:httpcore.connection:close.started
DEBUG:httpcore.connection:close.complete
INFO:name:----------------------------------------------------------------------
INFO:name:Eval — Epoch 2
INFO:name:  Task                        Acc       F1    Recall   Precision     Loss      MRR
INFO:name:  --------------------------------------------------------------------
INFO:name:  clone_detection          0.9712   0.8942    0.9387      0.8537   0.0906        -
INFO:name:  vul_detection            0.6087   0.3663    0.2603      0.6180   0.6974        -
INFO:name:  --------------------------------------------------------------------
INFO:name:                          combined = 0.6302
INFO:name:----------------------------------------------------------------------
DEBUG:httpcore.connection:close.started
DEBUG:httpcore.connection:close.complete
DEBUG:httpcore.connection:close.started
DEBUG:httpcore.connection:close.complete
DEBUG:httpcore.connection:close.started
DEBUG:httpcore.connection:close.complete
DEBUG:httpcore.connection:close.started
DEBUG:httpcore.connection:close.complete
INFO:name:E3/10  step 32/2515  total=0.4300  lr=8.87e-05  |  clone_detection=0.0299  vul_detection=0.4934
INFO:name:E3/10  step 64/2515  total=0.3291  lr=8.86e-05  |  clone_detection=0.0325  vul_detection=0.4906
INFO:name:E3/10  step 96/2515  total=0.2679  lr=8.85e-05  |  clone_detection=0.0302  vul_detection=0.4909
INFO:name:E3/10  step 128/2515  total=0.2712  lr=8.83e-05  |  clone_detection=0.0282  vul_detection=0.4887
INFO:name:E3/10  step 160/2515  total=0.2664  lr=8.82e-05  |  clone_detection=0.0281  vul_detection=0.4955
INFO:name:E3/10  step 192/2515  total=0.2837  lr=8.80e-05  |  clone_detection=0.0271  vul_detection=0.4945
INFO:name:E3/10  step 224/2515  total=0.2836  lr=8.79e-05  |  clone_detection=0.0271  vul_detection=0.4931
INFO:name:E3/10  step 256/2515  total=0.2829  lr=8.78e-05  |  clone_detection=0.0270  vul_detection=0.4910
INFO:name:E3/10  step 288/2515  total=0.2684  lr=8.76e-05  |  clone_detection=0.0271  vul_detection=0.4925
INFO:name:E3/10  step 320/2515  total=0.2714  lr=8.75e-05  |  clone_detection=0.0280  vul_detection=0.4942
INFO:name:E3/10  step 352/2515  total=0.2812  lr=8.73e-05  |  clone_detection=0.0278  vul_detection=0.4953
INFO:name:E3/10  step 384/2515  total=0.2824  lr=8.72e-05  |  clone_detection=0.0274  vul_detection=0.4963
INFO:name:E3/10  step 416/2515  total=0.2892  lr=8.71e-05  |  clone_detection=0.0274  vul_detection=0.4995
INFO:name:E3/10  step 448/2515  total=0.2966  lr=8.69e-05  |  clone_detection=0.0277  vul_detection=0.4979
INFO:name:E3/10  step 480/2515  total=0.2905  lr=8.68e-05  |  clone_detection=0.0279  vul_detection=0.4979
INFO:name:E3/10  step 512/2515  total=0.2870  lr=8.66e-05  |  clone_detection=0.0278  vul_detection=0.4980
INFO:name:E3/10  step 544/2515  total=0.2907  lr=8.65e-05  |  clone_detection=0.0278  vul_detection=0.4981
INFO:name:E3/10  step 576/2515  total=0.2846  lr=8.63e-05  |  clone_detection=0.0277  vul_detection=0.4959
INFO:name:E3/10  step 608/2515  total=0.2856  lr=8.62e-05  |  clone_detection=0.0274  vul_detection=0.4920
INFO:name:E3/10  step 640/2515  total=0.2905  lr=8.61e-05  |  clone_detection=0.0273  vul_detection=0.4882
INFO:name:E3/10  step 672/2515  total=0.2883  lr=8.59e-05  |  clone_detection=0.0276  vul_detection=0.4849
INFO:name:E3/10  step 704/2515  total=0.2858  lr=8.58e-05  |  clone_detection=0.0272  vul_detection=0.4832
INFO:name:E3/10  step 736/2515  total=0.2834  lr=8.56e-05  |  clone_detection=0.0271  vul_detection=0.4816
INFO:name:E3/10  step 768/2515  total=0.2780  lr=8.55e-05  |  clone_detection=0.0271  vul_detection=0.4804
INFO:name:E3/10  step 800/2515  total=0.2774  lr=8.54e-05  |  clone_detection=0.0270  vul_detection=0.4791
INFO:name:E3/10  step 832/2515  total=0.2760  lr=8.52e-05  |  clone_detection=0.0269  vul_detection=0.4783
INFO:name:E3/10  step 864/2515  total=0.2777  lr=8.51e-05  |  clone_detection=0.0268  vul_detection=0.4759
INFO:name:E3/10  step 896/2515  total=0.2784  lr=8.49e-05  |  clone_detection=0.0268  vul_detection=0.4753
INFO:name:E3/10  step 928/2515  total=0.2767  lr=8.48e-05  |  clone_detection=0.0267  vul_detection=0.4741
INFO:name:E3/10  step 960/2515  total=0.2789  lr=8.46e-05  |  clone_detection=0.0268  vul_detection=0.4748
INFO:name:E3/10  step 992/2515  total=0.2774  lr=8.45e-05  |  clone_detection=0.0266  vul_detection=0.4739
INFO:name:E3/10  step 1024/2515  total=0.2766  lr=8.44e-05  |  clone_detection=0.0266  vul_detection=0.4725
INFO:name:E3/10  step 1056/2515  total=0.2731  lr=8.42e-05  |  clone_detection=0.0264  vul_detection=0.4722
INFO:name:E3/10  step 1088/2515  total=0.2761  lr=8.41e-05  |  clone_detection=0.0262  vul_detection=0.4719
INFO:name:E3/10  step 1120/2515  total=0.2756  lr=8.39e-05  |  clone_detection=0.0263  vul_detection=0.4709
INFO:name:E3/10  step 1152/2515  total=0.2749  lr=8.38e-05  |  clone_detection=0.0263  vul_detection=0.4672
INFO:name:E3/10  step 1184/2515  total=0.2727  lr=8.37e-05  |  clone_detection=0.0262  vul_detection=0.4647
INFO:name:E3/10  step 1216/2515  total=0.2714  lr=8.35e-05  |  clone_detection=0.0263  vul_detection=0.4627
INFO:name:E3/10  step 1248/2515  total=0.2668  lr=8.34e-05  |  clone_detection=0.0263  vul_detection=0.4618
INFO:name:E3/10  step 1280/2515  total=0.2663  lr=8.32e-05  |  clone_detection=0.0262  vul_detection=0.4596
INFO:name:E3/10  step 1312/2515  total=0.2644  lr=8.31e-05  |  clone_detection=0.0263  vul_detection=0.4585
INFO:name:E3/10  step 1344/2515  total=0.2634  lr=8.30e-05  |  clone_detection=0.0261  vul_detection=0.4566
INFO:name:E3/10  step 1376/2515  total=0.2618  lr=8.28e-05  |  clone_detection=0.0261  vul_detection=0.4558
INFO:name:E3/10  step 1408/2515  total=0.2616  lr=8.27e-05  |  clone_detection=0.0260  vul_detection=0.4542
INFO:name:E3/10  step 1440/2515  total=0.2634  lr=8.25e-05  |  clone_detection=0.0260  vul_detection=0.4523
INFO:name:E3/10  step 1472/2515  total=0.2618  lr=8.24e-05  |  clone_detection=0.0261  vul_detection=0.4514
INFO:name:E3/10  step 1504/2515  total=0.2599  lr=8.22e-05  |  clone_detection=0.0262  vul_detection=0.4509
INFO:name:E3/10  step 1536/2515  total=0.2594  lr=8.21e-05  |  clone_detection=0.0261  vul_detection=0.4500
INFO:name:E3/10  step 1568/2515  total=0.2598  lr=8.20e-05  |  clone_detection=0.0260  vul_detection=0.4487
INFO:name:E3/10  step 1600/2515  total=0.2590  lr=8.18e-05  |  clone_detection=0.0260  vul_detection=0.4472
INFO:name:E3/10  step 1632/2515  total=0.2584  lr=8.17e-05  |  clone_detection=0.0260  vul_detection=0.4461
INFO:name:E3/10  step 1664/2515  total=0.2582  lr=8.15e-05  |  clone_detection=0.0260  vul_detection=0.4448
INFO:name:E3/10  step 1696/2515  total=0.2581  lr=8.14e-05  |  clone_detection=0.0260  vul_detection=0.4404
INFO:name:E3/10  step 1728/2515  total=0.2583  lr=8.13e-05  |  clone_detection=0.0259  vul_detection=0.4375
INFO:name:E3/10  step 1760/2515  total=0.2581  lr=8.11e-05  |  clone_detection=0.0258  vul_detection=0.4342
INFO:name:E3/10  step 1792/2515  total=0.2566  lr=8.10e-05  |  clone_detection=0.0258  vul_detection=0.4326
INFO:name:E3/10  step 1824/2515  total=0.2545  lr=8.08e-05  |  clone_detection=0.0261  vul_detection=0.4313
INFO:name:E3/10  step 1856/2515  total=0.2540  lr=8.07e-05  |  clone_detection=0.0260  vul_detection=0.4298
INFO:name:E3/10  step 1888/2515  total=0.2527  lr=8.05e-05  |  clone_detection=0.0259  vul_detection=0.4276
INFO:name:E3/10  step 1920/2515  total=0.2510  lr=8.04e-05  |  clone_detection=0.0259  vul_detection=0.4263
INFO:name:E3/10  step 1952/2515  total=0.2499  lr=8.03e-05  |  clone_detection=0.0259  vul_detection=0.4252
INFO:name:E3/10  step 1984/2515  total=0.2501  lr=8.01e-05  |  clone_detection=0.0258  vul_detection=0.4229
INFO:name:E3/10  step 2016/2515  total=0.2489  lr=8.00e-05  |  clone_detection=0.0258  vul_detection=0.4215
INFO:name:E3/10  step 2048/2515  total=0.2473  lr=7.98e-05  |  clone_detection=0.0257  vul_detection=0.4209
INFO:name:E3/10  step 2080/2515  total=0.2460  lr=7.97e-05  |  clone_detection=0.0256  vul_detection=0.4194
INFO:name:E3/10  step 2112/2515  total=0.2451  lr=7.96e-05  |  clone_detection=0.0257  vul_detection=0.4184
INFO:name:E3/10  step 2144/2515  total=0.2446  lr=7.94e-05  |  clone_detection=0.0256  vul_detection=0.4175
INFO:name:E3/10  step 2176/2515  total=0.2435  lr=7.93e-05  |  clone_detection=0.0256  vul_detection=0.4169
INFO:name:E3/10  step 2208/2515  total=0.2431  lr=7.91e-05  |  clone_detection=0.0256  vul_detection=0.4150
INFO:name:E3/10  step 2240/2515  total=0.2417  lr=7.90e-05  |  clone_detection=0.0256  vul_detection=0.4126
INFO:name:E3/10  step 2272/2515  total=0.2412  lr=7.89e-05  |  clone_detection=0.0256  vul_detection=0.4124
INFO:name:E3/10  step 2304/2515  total=0.2407  lr=7.87e-05  |  clone_detection=0.0256  vul_detection=0.4099
INFO:name:E3/10  step 2336/2515  total=0.2389  lr=7.86e-05  |  clone_detection=0.0255  vul_detection=0.4084
INFO:name:E3/10  step 2368/2515  total=0.2375  lr=7.84e-05  |  clone_detection=0.0254  vul_detection=0.4060
INFO:name:E3/10  step 2400/2515  total=0.2362  lr=7.83e-05  |  clone_detection=0.0254  vul_detection=0.4048
INFO:name:E3/10  step 2432/2515  total=0.2360  lr=7.81e-05  |  clone_detection=0.0255  vul_detection=0.4023
INFO:name:E3/10  step 2464/2515  total=0.2343  lr=7.80e-05  |  clone_detection=0.0255  vul_detection=0.4009
INFO:name:E3/10  step 2496/2515  total=0.2337  lr=7.79e-05  |  clone_detection=0.0255  vul_detection=0.3995
INFO:name:----------------------------------------------------------------------
INFO:name:Epoch 3/10 — Train Summary
INFO:name:  Task                        Loss    Weight        Tokens
INFO:name:  ----                        ----    ------        ------
INFO:name:  clone_detection           0.0255    0.1513      91977150
INFO:name:  vul_detection             0.3986    1.8487      30236545
INFO:name:  TOTAL                     0.2330               122213695  (epoch)  cumulative=366593608
INFO:name:  epoch_time=2810.9s  peak_gpu_memory=38.982GB
INFO:name:----------------------------------------------------------------------
INFO:name:  Normalized weights → next epoch: {'clone_detection': '0.1201', 'vul_detection': '1.8799'}
INFO:name:----------------------------------------------------------------------
INFO:name:  Gradient Norms (L2, shared encoder params):
INFO:name:    clone_detection         grad_norm=  1.126717
INFO:name:    vul_detection           grad_norm=  2.598019
INFO:name:----------------------------------------------------------------------
INFO:name:  Gradient Conflict Matrix (cosine similarity of encoder grads):
INFO:name:  Task A                  Task B                     cos_sim  
INFO:name:  clone_detection         vul_detection              +0.0232  [aligned]
INFO:name:----------------------------------------------------------------------
DEBUG:httpcore.connection:close.started
DEBUG:httpcore.connection:close.complete
DEBUG:httpcore.connection:close.started
DEBUG:httpcore.connection:close.complete
DEBUG:httpcore.connection:close.started
DEBUG:httpcore.connection:close.complete
DEBUG:httpcore.connection:close.started
DEBUG:httpcore.connection:close.complete
DEBUG:httpcore.connection:close.started
DEBUG:httpcore.connection:close.complete
DEBUG:httpcore.connection:close.started
DEBUG:httpcore.connection:close.complete
DEBUG:httpcore.connection:close.started
DEBUG:httpcore.connection:close.complete
DEBUG:httpcore.connection:close.started
DEBUG:httpcore.connection:close.complete
INFO:name:----------------------------------------------------------------------
INFO:name:Eval — Epoch 3
INFO:name:  Task                        Acc       F1    Recall   Precision     Loss      MRR
INFO:name:  --------------------------------------------------------------------
INFO:name:  clone_detection          0.9745   0.9050    0.9354      0.8765   0.0898        -
INFO:name:  vul_detection            0.5867   0.4766    0.4330      0.5299   1.0691        -
INFO:name:  --------------------------------------------------------------------
INFO:name:                          combined = 0.6908
INFO:name:----------------------------------------------------------------------
DEBUG:httpcore.connection:close.started
DEBUG:httpcore.connection:close.complete
DEBUG:httpcore.connection:close.started
DEBUG:httpcore.connection:close.complete
DEBUG:httpcore.connection:close.started
DEBUG:httpcore.connection:close.complete
DEBUG:httpcore.connection:close.started
DEBUG:httpcore.connection:close.complete
INFO:name:E4/10  step 32/2515  total=0.1870  lr=7.76e-05  |  clone_detection=0.0175  vul_detection=0.2110
INFO:name:E4/10  step 64/2515  total=0.1504  lr=7.75e-05  |  clone_detection=0.0167  vul_detection=0.2207
INFO:name:E4/10  step 96/2515  total=0.1211  lr=7.74e-05  |  clone_detection=0.0173  vul_detection=0.2182
INFO:name:E4/10  step 128/2515  total=0.1247  lr=7.72e-05  |  clone_detection=0.0187  vul_detection=0.2206
INFO:name:E4/10  step 160/2515  total=0.1268  lr=7.71e-05  |  clone_detection=0.0191  vul_detection=0.2317
INFO:name:E4/10  step 192/2515  total=0.1370  lr=7.69e-05  |  clone_detection=0.0194  vul_detection=0.2343
INFO:name:E4/10  step 224/2515  total=0.1419  lr=7.68e-05  |  clone_detection=0.0198  vul_detection=0.2422
INFO:name:E4/10  step 256/2515  total=0.1423  lr=7.66e-05  |  clone_detection=0.0199  vul_detection=0.2424
INFO:name:E4/10  step 288/2515  total=0.1360  lr=7.65e-05  |  clone_detection=0.0199  vul_detection=0.2449
INFO:name:E4/10  step 320/2515  total=0.1378  lr=7.64e-05  |  clone_detection=0.0200  vul_detection=0.2464
INFO:name:E4/10  step 352/2515  total=0.1441  lr=7.62e-05  |  clone_detection=0.0200  vul_detection=0.2492
INFO:name:E4/10  step 384/2515  total=0.1451  lr=7.61e-05  |  clone_detection=0.0198  vul_detection=0.2505
INFO:name:E4/10  step 416/2515  total=0.1471  lr=7.59e-05  |  clone_detection=0.0200  vul_detection=0.2494
INFO:name:E4/10  step 448/2515  total=0.1530  lr=7.58e-05  |  clone_detection=0.0200  vul_detection=0.2523
INFO:name:E4/10  step 480/2515  total=0.1507  lr=7.57e-05  |  clone_detection=0.0202  vul_detection=0.2536
INFO:name:E4/10  step 512/2515  total=0.1497  lr=7.55e-05  |  clone_detection=0.0201  vul_detection=0.2551
INFO:name:E4/10  step 544/2515  total=0.1534  lr=7.54e-05  |  clone_detection=0.0202  vul_detection=0.2583
INFO:name:E4/10  step 576/2515  total=0.1497  lr=7.52e-05  |  clone_detection=0.0203  vul_detection=0.2562
INFO:name:E4/10  step 608/2515  total=0.1486  lr=7.51e-05  |  clone_detection=0.0204  vul_detection=0.2514
INFO:name:E4/10  step 640/2515  total=0.1489  lr=7.50e-05  |  clone_detection=0.0202  vul_detection=0.2457
INFO:name:E4/10  step 672/2515  total=0.1475  lr=7.48e-05  |  clone_detection=0.0202  vul_detection=0.2435
INFO:name:E4/10  step 704/2515  total=0.1458  lr=7.47e-05  |  clone_detection=0.0203  vul_detection=0.2421
INFO:name:E4/10  step 736/2515  total=0.1451  lr=7.45e-05  |  clone_detection=0.0205  vul_detection=0.2420
INFO:name:E4/10  step 768/2515  total=0.1422  lr=7.44e-05  |  clone_detection=0.0203  vul_detection=0.2412
INFO:name:E4/10  step 800/2515  total=0.1416  lr=7.42e-05  |  clone_detection=0.0202  vul_detection=0.2400
INFO:name:E4/10  step 832/2515  total=0.1403  lr=7.41e-05  |  clone_detection=0.0202  vul_detection=0.2387
INFO:name:E4/10  step 864/2515  total=0.1413  lr=7.40e-05  |  clone_detection=0.0202  vul_detection=0.2377
INFO:name:E4/10  step 896/2515  total=0.1409  lr=7.38e-05  |  clone_detection=0.0201  vul_detection=0.2361
INFO:name:E4/10  step 928/2515  total=0.1401  lr=7.37e-05  |  clone_detection=0.0201  vul_detection=0.2356
INFO:name:E4/10  step 960/2515  total=0.1412  lr=7.35e-05  |  clone_detection=0.0200  vul_detection=0.2360
INFO:name:E4/10  step 992/2515  total=0.1412  lr=7.34e-05  |  clone_detection=0.0199  vul_detection=0.2368
INFO:name:E4/10  step 1024/2515  total=0.1409  lr=7.33e-05  |  clone_detection=0.0199  vul_detection=0.2363
INFO:name:E4/10  step 1056/2515  total=0.1391  lr=7.31e-05  |  clone_detection=0.0199  vul_detection=0.2360
INFO:name:E4/10  step 1088/2515  total=0.1407  lr=7.30e-05  |  clone_detection=0.0199  vul_detection=0.2361
INFO:name:E4/10  step 1120/2515  total=0.1394  lr=7.28e-05  |  clone_detection=0.0199  vul_detection=0.2339
INFO:name:E4/10  step 1152/2515  total=0.1384  lr=7.27e-05  |  clone_detection=0.0200  vul_detection=0.2309
INFO:name:E4/10  step 1184/2515  total=0.1367  lr=7.25e-05  |  clone_detection=0.0200  vul_detection=0.2286
INFO:name:E4/10  step 1216/2515  total=0.1356  lr=7.24e-05  |  clone_detection=0.0202  vul_detection=0.2268
INFO:name:E4/10  step 1248/2515  total=0.1330  lr=7.23e-05  |  clone_detection=0.0201  vul_detection=0.2258
INFO:name:E4/10  step 1280/2515  total=0.1328  lr=7.21e-05  |  clone_detection=0.0202  vul_detection=0.2250
INFO:name:E4/10  step 1312/2515  total=0.1316  lr=7.20e-05  |  clone_detection=0.0201  vul_detection=0.2239
INFO:name:E4/10  step 1344/2515  total=0.1308  lr=7.18e-05  |  clone_detection=0.0202  vul_detection=0.2225
INFO:name:E4/10  step 1376/2515  total=0.1296  lr=7.17e-05  |  clone_detection=0.0203  vul_detection=0.2213
INFO:name:E4/10  step 1408/2515  total=0.1291  lr=7.16e-05  |  clone_detection=0.0202  vul_detection=0.2199
INFO:name:E4/10  step 1440/2515  total=0.1298  lr=7.14e-05  |  clone_detection=0.0202  vul_detection=0.2185
INFO:name:E4/10  step 1472/2515  total=0.1290  lr=7.13e-05  |  clone_detection=0.0202  vul_detection=0.2181
INFO:name:E4/10  step 1504/2515  total=0.1279  lr=7.11e-05  |  clone_detection=0.0202  vul_detection=0.2177
INFO:name:E4/10  step 1536/2515  total=0.1279  lr=7.10e-05  |  clone_detection=0.0203  vul_detection=0.2175
INFO:name:E4/10  step 1568/2515  total=0.1281  lr=7.09e-05  |  clone_detection=0.0203  vul_detection=0.2169
INFO:name:E4/10  step 1600/2515  total=0.1282  lr=7.07e-05  |  clone_detection=0.0203  vul_detection=0.2171
INFO:name:E4/10  step 1632/2515  total=0.1281  lr=7.06e-05  |  clone_detection=0.0204  vul_detection=0.2168
INFO:name:E4/10  step 1664/2515  total=0.1278  lr=7.04e-05  |  clone_detection=0.0204  vul_detection=0.2159
INFO:name:E4/10  step 1696/2515  total=0.1274  lr=7.03e-05  |  clone_detection=0.0204  vul_detection=0.2131
INFO:name:E4/10  step 1728/2515  total=0.1271  lr=7.01e-05  |  clone_detection=0.0204  vul_detection=0.2111
INFO:name:E4/10  step 1760/2515  total=0.1266  lr=7.00e-05  |  clone_detection=0.0203  vul_detection=0.2089
INFO:name:E4/10  step 1792/2515  total=0.1255  lr=6.99e-05  |  clone_detection=0.0202  vul_detection=0.2076
INFO:name:E4/10  step 1824/2515  total=0.1247  lr=6.97e-05  |  clone_detection=0.0201  vul_detection=0.2073
INFO:name:E4/10  step 1856/2515  total=0.1241  lr=6.96e-05  |  clone_detection=0.0201  vul_detection=0.2059
INFO:name:E4/10  step 1888/2515  total=0.1236  lr=6.94e-05  |  clone_detection=0.0200  vul_detection=0.2052
INFO:name:E4/10  step 1920/2515  total=0.1229  lr=6.93e-05  |  clone_detection=0.0201  vul_detection=0.2047
INFO:name:E4/10  step 1952/2515  total=0.1223  lr=6.92e-05  |  clone_detection=0.0201  vul_detection=0.2041
INFO:name:E4/10  step 1984/2515  total=0.1223  lr=6.90e-05  |  clone_detection=0.0201  vul_detection=0.2028
INFO:name:E4/10  step 2016/2515  total=0.1217  lr=6.89e-05  |  clone_detection=0.0202  vul_detection=0.2020
INFO:name:E4/10  step 2048/2515  total=0.1209  lr=6.87e-05  |  clone_detection=0.0200  vul_detection=0.2017
INFO:name:E4/10  step 2080/2515  total=0.1206  lr=6.86e-05  |  clone_detection=0.0201  vul_detection=0.2015
INFO:name:E4/10  step 2112/2515  total=0.1202  lr=6.84e-05  |  clone_detection=0.0201  vul_detection=0.2011
INFO:name:E4/10  step 2144/2515  total=0.1199  lr=6.83e-05  |  clone_detection=0.0201  vul_detection=0.2007
INFO:name:E4/10  step 2176/2515  total=0.1193  lr=6.82e-05  |  clone_detection=0.0201  vul_detection=0.2002
INFO:name:E4/10  step 2208/2515  total=0.1191  lr=6.80e-05  |  clone_detection=0.0201  vul_detection=0.1993
INFO:name:E4/10  step 2240/2515  total=0.1183  lr=6.79e-05  |  clone_detection=0.0201  vul_detection=0.1981
INFO:name:E4/10  step 2272/2515  total=0.1176  lr=6.77e-05  |  clone_detection=0.0201  vul_detection=0.1970
INFO:name:E4/10  step 2304/2515  total=0.1171  lr=6.76e-05  |  clone_detection=0.0200  vul_detection=0.1954
INFO:name:E4/10  step 2336/2515  total=0.1163  lr=6.75e-05  |  clone_detection=0.0199  vul_detection=0.1949
INFO:name:E4/10  step 2368/2515  total=0.1158  lr=6.73e-05  |  clone_detection=0.0199  vul_detection=0.1941
INFO:name:E4/10  step 2400/2515  total=0.1153  lr=6.72e-05  |  clone_detection=0.0198  vul_detection=0.1938
INFO:name:E4/10  step 2432/2515  total=0.1153  lr=6.70e-05  |  clone_detection=0.0198  vul_detection=0.1927
INFO:name:E4/10  step 2464/2515  total=0.1144  lr=6.69e-05  |  clone_detection=0.0198  vul_detection=0.1920
INFO:name:E4/10  step 2496/2515  total=0.1142  lr=6.68e-05  |  clone_detection=0.0197  vul_detection=0.1913
INFO:name:----------------------------------------------------------------------
INFO:name:Epoch 4/10 — Train Summary
INFO:name:  Task                        Loss    Weight        Tokens
INFO:name:  ----                        ----    ------        ------
INFO:name:  clone_detection           0.0196    0.1201      91964037
INFO:name:  vul_detection             0.1909    1.8799      30260771
INFO:name:  TOTAL                     0.1138               122224808  (epoch)  cumulative=488818416
INFO:name:  epoch_time=2810.6s  peak_gpu_memory=38.982GB
INFO:name:----------------------------------------------------------------------
INFO:name:  Normalized weights → next epoch: {'clone_detection': '0.1866', 'vul_detection': '1.8134'}
INFO:name:----------------------------------------------------------------------
INFO:name:  Gradient Norms (L2, shared encoder params):
INFO:name:    clone_detection         grad_norm=  0.601928
INFO:name:    vul_detection           grad_norm=  3.138762
INFO:name:----------------------------------------------------------------------
INFO:name:  Gradient Conflict Matrix (cosine similarity of encoder grads):
INFO:name:  Task A                  Task B                     cos_sim  
INFO:name:  clone_detection         vul_detection              +0.0061  [aligned]
INFO:name:----------------------------------------------------------------------
DEBUG:httpcore.connection:close.started
DEBUG:httpcore.connection:close.complete
DEBUG:httpcore.connection:close.started
DEBUG:httpcore.connection:close.complete
DEBUG:httpcore.connection:close.started
DEBUG:httpcore.connection:close.complete
DEBUG:httpcore.connection:close.started
DEBUG:httpcore.connection:close.complete
DEBUG:httpcore.connection:close.started
DEBUG:httpcore.connection:close.complete
DEBUG:httpcore.connection:close.started
DEBUG:httpcore.connection:close.complete
DEBUG:httpcore.connection:close.started
DEBUG:httpcore.connection:close.complete
DEBUG:httpcore.connection:close.started
DEBUG:httpcore.connection:close.complete
INFO:name:----------------------------------------------------------------------
INFO:name:Eval — Epoch 4
INFO:name:  Task                        Acc       F1    Recall   Precision     Loss      MRR
INFO:name:  --------------------------------------------------------------------
INFO:name:  clone_detection          0.9742   0.9035    0.9303      0.8782   0.1057        -
INFO:name:  vul_detection            0.5670   0.5594    0.6327      0.5013   1.6264        -
INFO:name:  --------------------------------------------------------------------
INFO:name:                          combined = 0.7314
INFO:name:----------------------------------------------------------------------
Saved 185 trainable params -> ./adapters/modernbert_clone_vul_adapter_norm_v2/model.bin
INFO:name:  >> New best (0.7314) — checkpoint saved.
INFO:name:  Testing clone_detection (415416 examples)
DEBUG:httpcore.connection:close.started
DEBUG:httpcore.connection:close.complete
DEBUG:httpcore.connection:close.started
DEBUG:httpcore.connection:close.complete
DEBUG:httpcore.connection:close.started
DEBUG:httpcore.connection:close.complete
DEBUG:httpcore.connection:close.started
DEBUG:httpcore.connection:close.complete
INFO:name:  Testing vul_detection (2732 examples)
DEBUG:httpcore.connection:close.started
DEBUG:httpcore.connection:close.complete
DEBUG:httpcore.connection:close.started
DEBUG:httpcore.connection:close.complete
DEBUG:httpcore.connection:close.started
DEBUG:httpcore.connection:close.complete
DEBUG:httpcore.connection:close.started
DEBUG:httpcore.connection:close.complete
INFO:name:----------------------------------------------------------------------
INFO:name:Test — Epoch 4
INFO:name:  Task                        Acc       F1    Recall   Precision     Loss      MRR
INFO:name:  --------------------------------------------------------------------
INFO:name:  clone_detection          0.9779   0.9207    0.9366      0.9052        -        -
INFO:name:  vul_detection            0.5586   0.5726    0.6438      0.5156        -        -
INFO:name:  --------------------------------------------------------------------
INFO:name:----------------------------------------------------------------------
DEBUG:httpcore.connection:close.started
DEBUG:httpcore.connection:close.complete
DEBUG:httpcore.connection:close.started
DEBUG:httpcore.connection:close.complete
DEBUG:httpcore.connection:close.started
DEBUG:httpcore.connection:close.complete
DEBUG:httpcore.connection:close.started
DEBUG:httpcore.connection:close.complete
INFO:name:E5/10  step 32/2515  total=0.0866  lr=6.65e-05  |  clone_detection=0.0147  vul_detection=0.1002
INFO:name:E5/10  step 64/2515  total=0.0878  lr=6.64e-05  |  clone_detection=0.0153  vul_detection=0.1319
INFO:name:E5/10  step 96/2515  total=0.0720  lr=6.62e-05  |  clone_detection=0.0155  vul_detection=0.1322
INFO:name:E5/10  step 128/2515  total=0.0670  lr=6.61e-05  |  clone_detection=0.0147  vul_detection=0.1208
INFO:name:E5/10  step 160/2515  total=0.0658  lr=6.60e-05  |  clone_detection=0.0150  vul_detection=0.1223
INFO:name:E5/10  step 192/2515  total=0.0726  lr=6.58e-05  |  clone_detection=0.0154  vul_detection=0.1267
INFO:name:E5/10  step 224/2515  total=0.0735  lr=6.57e-05  |  clone_detection=0.0152  vul_detection=0.1281
INFO:name:E5/10  step 256/2515  total=0.0732  lr=6.55e-05  |  clone_detection=0.0149  vul_detection=0.1274
INFO:name:E5/10  step 288/2515  total=0.0695  lr=6.54e-05  |  clone_detection=0.0152  vul_detection=0.1276
INFO:name:E5/10  step 320/2515  total=0.0694  lr=6.53e-05  |  clone_detection=0.0159  vul_detection=0.1263
INFO:name:E5/10  step 352/2515  total=0.0715  lr=6.51e-05  |  clone_detection=0.0166  vul_detection=0.1259
INFO:name:E5/10  step 384/2515  total=0.0721  lr=6.50e-05  |  clone_detection=0.0168  vul_detection=0.1265
INFO:name:E5/10  step 416/2515  total=0.0735  lr=6.48e-05  |  clone_detection=0.0166  vul_detection=0.1268
INFO:name:E5/10  step 448/2515  total=0.0760  lr=6.47e-05  |  clone_detection=0.0168  vul_detection=0.1277
INFO:name:E5/10  step 480/2515  total=0.0758  lr=6.45e-05  |  clone_detection=0.0168  vul_detection=0.1300
INFO:name:E5/10  step 512/2515  total=0.0752  lr=6.44e-05  |  clone_detection=0.0166  vul_detection=0.1305
INFO:name:E5/10  step 544/2515  total=0.0765  lr=6.43e-05  |  clone_detection=0.0167  vul_detection=0.1312
INFO:name:E5/10  step 576/2515  total=0.0743  lr=6.41e-05  |  clone_detection=0.0166  vul_detection=0.1294
INFO:name:E5/10  step 608/2515  total=0.0735  lr=6.40e-05  |  clone_detection=0.0168  vul_detection=0.1265
INFO:name:E5/10  step 640/2515  total=0.0734  lr=6.38e-05  |  clone_detection=0.0170  vul_detection=0.1232
INFO:name:E5/10  step 672/2515  total=0.0723  lr=6.37e-05  |  clone_detection=0.0170  vul_detection=0.1215
INFO:name:E5/10  step 704/2515  total=0.0723  lr=6.36e-05  |  clone_detection=0.0167  vul_detection=0.1221
INFO:name:E5/10  step 736/2515  total=0.0718  lr=6.34e-05  |  clone_detection=0.0168  vul_detection=0.1219
INFO:name:E5/10  step 768/2515  total=0.0707  lr=6.33e-05  |  clone_detection=0.0167  vul_detection=0.1219
INFO:name:E5/10  step 800/2515  total=0.0702  lr=6.31e-05  |  clone_detection=0.0166  vul_detection=0.1210
INFO:name:E5/10  step 832/2515  total=0.0695  lr=6.30e-05  |  clone_detection=0.0165  vul_detection=0.1203
INFO:name:E5/10  step 864/2515  total=0.0699  lr=6.28e-05  |  clone_detection=0.0164  vul_detection=0.1197
INFO:name:E5/10  step 896/2515  total=0.0701  lr=6.27e-05  |  clone_detection=0.0164  vul_detection=0.1195
INFO:name:E5/10  step 928/2515  total=0.0699  lr=6.26e-05  |  clone_detection=0.0164  vul_detection=0.1196
INFO:name:E5/10  step 960/2515  total=0.0705  lr=6.24e-05  |  clone_detection=0.0163  vul_detection=0.1199
INFO:name:E5/10  step 992/2515  total=0.0703  lr=6.23e-05  |  clone_detection=0.0164  vul_detection=0.1199
INFO:name:E5/10  step 1024/2515  total=0.0704  lr=6.21e-05  |  clone_detection=0.0165  vul_detection=0.1201
INFO:name:E5/10  step 1056/2515  total=0.0702  lr=6.20e-05  |  clone_detection=0.0165  vul_detection=0.1212
INFO:name:E5/10  step 1088/2515  total=0.0712  lr=6.19e-05  |  clone_detection=0.0165  vul_detection=0.1215
INFO:name:E5/10  step 1120/2515  total=0.0711  lr=6.17e-05  |  clone_detection=0.0165  vul_detection=0.1214
INFO:name:E5/10  step 1152/2515  total=0.0707  lr=6.16e-05  |  clone_detection=0.0163  vul_detection=0.1200
INFO:name:E5/10  step 1184/2515  total=0.0701  lr=6.14e-05  |  clone_detection=0.0163  vul_detection=0.1194
INFO:name:E5/10  step 1216/2515  total=0.0694  lr=6.13e-05  |  clone_detection=0.0165  vul_detection=0.1182
INFO:name:E5/10  step 1248/2515  total=0.0683  lr=6.12e-05  |  clone_detection=0.0164  vul_detection=0.1180
INFO:name:E5/10  step 1280/2515  total=0.0681  lr=6.10e-05  |  clone_detection=0.0165  vul_detection=0.1173
INFO:name:E5/10  step 1312/2515  total=0.0674  lr=6.09e-05  |  clone_detection=0.0164  vul_detection=0.1166
INFO:name:E5/10  step 1344/2515  total=0.0669  lr=6.07e-05  |  clone_detection=0.0162  vul_detection=0.1157
INFO:name:E5/10  step 1376/2515  total=0.0664  lr=6.06e-05  |  clone_detection=0.0161  vul_detection=0.1155
INFO:name:E5/10  step 1408/2515  total=0.0663  lr=6.04e-05  |  clone_detection=0.0160  vul_detection=0.1150
INFO:name:E5/10  step 1440/2515  total=0.0668  lr=6.03e-05  |  clone_detection=0.0161  vul_detection=0.1146
INFO:name:E5/10  step 1472/2515  total=0.0663  lr=6.02e-05  |  clone_detection=0.0159  vul_detection=0.1142
INFO:name:E5/10  step 1504/2515  total=0.0659  lr=6.00e-05  |  clone_detection=0.0160  vul_detection=0.1141
INFO:name:E5/10  step 1536/2515  total=0.0656  lr=5.99e-05  |  clone_detection=0.0159  vul_detection=0.1135
INFO:name:E5/10  step 1568/2515  total=0.0663  lr=5.97e-05  |  clone_detection=0.0160  vul_detection=0.1142
INFO:name:E5/10  step 1600/2515  total=0.0664  lr=5.96e-05  |  clone_detection=0.0159  vul_detection=0.1145
INFO:name:E5/10  step 1632/2515  total=0.0663  lr=5.95e-05  |  clone_detection=0.0159  vul_detection=0.1144
INFO:name:E5/10  step 1664/2515  total=0.0663  lr=5.93e-05  |  clone_detection=0.0158  vul_detection=0.1141
INFO:name:E5/10  step 1696/2515  total=0.0660  lr=5.92e-05  |  clone_detection=0.0159  vul_detection=0.1125
INFO:name:E5/10  step 1728/2515  total=0.0659  lr=5.90e-05  |  clone_detection=0.0159  vul_detection=0.1116
INFO:name:E5/10  step 1760/2515  total=0.0660  lr=5.89e-05  |  clone_detection=0.0159  vul_detection=0.1109
INFO:name:E5/10  step 1792/2515  total=0.0657  lr=5.87e-05  |  clone_detection=0.0159  vul_detection=0.1106
INFO:name:E5/10  step 1824/2515  total=0.0651  lr=5.86e-05  |  clone_detection=0.0158  vul_detection=0.1102
INFO:name:E5/10  step 1856/2515  total=0.0651  lr=5.85e-05  |  clone_detection=0.0158  vul_detection=0.1101
INFO:name:E5/10  step 1888/2515  total=0.0652  lr=5.83e-05  |  clone_detection=0.0158  vul_detection=0.1102
INFO:name:E5/10  step 1920/2515  total=0.0651  lr=5.82e-05  |  clone_detection=0.0158  vul_detection=0.1103
INFO:name:E5/10  step 1952/2515  total=0.0647  lr=5.80e-05  |  clone_detection=0.0157  vul_detection=0.1099
INFO:name:E5/10  step 1984/2515  total=0.0648  lr=5.79e-05  |  clone_detection=0.0159  vul_detection=0.1093
INFO:name:E5/10  step 2016/2515  total=0.0647  lr=5.78e-05  |  clone_detection=0.0159  vul_detection=0.1094
INFO:name:E5/10  step 2048/2515  total=0.0645  lr=5.76e-05  |  clone_detection=0.0158  vul_detection=0.1096
INFO:name:E5/10  step 2080/2515  total=0.0644  lr=5.75e-05  |  clone_detection=0.0158  vul_detection=0.1095
INFO:name:E5/10  step 2112/2515  total=0.0641  lr=5.73e-05  |  clone_detection=0.0159  vul_detection=0.1092
INFO:name:E5/10  step 2144/2515  total=0.0640  lr=5.72e-05  |  clone_detection=0.0160  vul_detection=0.1090
INFO:name:E5/10  step 2176/2515  total=0.0638  lr=5.71e-05  |  clone_detection=0.0160  vul_detection=0.1090
INFO:name:E5/10  step 2208/2515  total=0.0637  lr=5.69e-05  |  clone_detection=0.0159  vul_detection=0.1086
INFO:name:E5/10  step 2240/2515  total=0.0633  lr=5.68e-05  |  clone_detection=0.0159  vul_detection=0.1077
INFO:name:E5/10  step 2272/2515  total=0.0629  lr=5.66e-05  |  clone_detection=0.0159  vul_detection=0.1072
INFO:name:E5/10  step 2304/2515  total=0.0628  lr=5.65e-05  |  clone_detection=0.0158  vul_detection=0.1067
INFO:name:E5/10  step 2336/2515  total=0.0624  lr=5.63e-05  |  clone_detection=0.0158  vul_detection=0.1064
INFO:name:E5/10  step 2368/2515  total=0.0622  lr=5.62e-05  |  clone_detection=0.0158  vul_detection=0.1061
INFO:name:E5/10  step 2400/2515  total=0.0619  lr=5.61e-05  |  clone_detection=0.0158  vul_detection=0.1058
INFO:name:E5/10  step 2432/2515  total=0.0618  lr=5.59e-05  |  clone_detection=0.0158  vul_detection=0.1051
INFO:name:E5/10  step 2464/2515  total=0.0615  lr=5.58e-05  |  clone_detection=0.0159  vul_detection=0.1049
INFO:name:E5/10  step 2496/2515  total=0.0615  lr=5.56e-05  |  clone_detection=0.0159  vul_detection=0.1048
INFO:name:----------------------------------------------------------------------
INFO:name:Epoch 5/10 — Train Summary
INFO:name:  Task                        Loss    Weight        Tokens
INFO:name:  ----                        ----    ------        ------
INFO:name:  clone_detection           0.0159    0.1866      91874831
INFO:name:  vul_detection             0.1045    1.8134      30255996
INFO:name:  TOTAL                     0.0613               122130827  (epoch)  cumulative=610949243
INFO:name:  epoch_time=2810.9s  peak_gpu_memory=38.982GB
INFO:name:----------------------------------------------------------------------
INFO:name:  Normalized weights → next epoch: {'clone_detection': '0.2635', 'vul_detection': '1.7365'}
INFO:name:----------------------------------------------------------------------
INFO:name:  Gradient Norms (L2, shared encoder params):
INFO:name:    clone_detection         grad_norm=  0.089270
INFO:name:    vul_detection           grad_norm=  3.095961
INFO:name:----------------------------------------------------------------------
INFO:name:  Gradient Conflict Matrix (cosine similarity of encoder grads):
INFO:name:  Task A                  Task B                     cos_sim  
INFO:name:  clone_detection         vul_detection              -0.0190  [CONFLICT]
INFO:name:----------------------------------------------------------------------
DEBUG:httpcore.connection:close.started
DEBUG:httpcore.connection:close.complete
DEBUG:httpcore.connection:close.started
DEBUG:httpcore.connection:close.complete
DEBUG:httpcore.connection:close.started
DEBUG:httpcore.connection:close.complete
DEBUG:httpcore.connection:close.started
DEBUG:httpcore.connection:close.complete
DEBUG:httpcore.connection:close.started
DEBUG:httpcore.connection:close.complete
DEBUG:httpcore.connection:close.started
DEBUG:httpcore.connection:close.complete
DEBUG:httpcore.connection:close.started
DEBUG:httpcore.connection:close.complete
DEBUG:httpcore.connection:close.started
DEBUG:httpcore.connection:close.complete
INFO:name:Early stopping triggered at epoch 5 — halting training.
INFO:name:  Testing clone_detection (415416 examples)
DEBUG:httpcore.connection:close.started
DEBUG:httpcore.connection:close.complete
DEBUG:httpcore.connection:close.started
DEBUG:httpcore.connection:close.complete
DEBUG:httpcore.connection:close.started
DEBUG:httpcore.connection:close.complete
DEBUG:httpcore.connection:close.started
DEBUG:httpcore.connection:close.complete
INFO:name:  Testing vul_detection (2732 examples)
DEBUG:httpcore.connection:close.started
DEBUG:httpcore.connection:close.complete
DEBUG:httpcore.connection:close.started
DEBUG:httpcore.connection:close.complete
DEBUG:httpcore.connection:close.started
DEBUG:httpcore.connection:close.complete
DEBUG:httpcore.connection:close.started
DEBUG:httpcore.connection:close.complete
INFO:name:----------------------------------------------------------------------
INFO:name:Final Test — Epoch 10
INFO:name:  Task                        Acc       F1    Recall   Precision     Loss      MRR
INFO:name:  --------------------------------------------------------------------
INFO:name:  clone_detection          0.9788   0.9234    0.9359      0.9113        -        -
INFO:name:  vul_detection            0.5644   0.5563    0.5944      0.5228        -        -
INFO:name:  --------------------------------------------------------------------
INFO:name:----------------------------------------------------------------------
INFO:name:======================================================================
INFO:name:Gradient Conflict Summary (aggregated over 5 epochs)
INFO:name:  Task A                  Task B                      mean     std  neg_freq  verdict
INFO:name:  ------                  ------                      ----     ---  --------  -------
INFO:name:  clone_detection         vul_detection            -0.0035  0.0371     40.0%  [neutral]
INFO:name:======================================================================
INFO:name:Train results:
{'clone_detection_grad_norm': [0.390028, 0.100914, 1.126717, 0.601928, 0.08927],
 'clone_detection_tokens': [91951513, 91955542, 91977150, 91964037, 91874831],
 'clone_detection_train_loss': [0.2623, 0.049, 0.0255, 0.0196, 0.0159],
 'conflict_clone_detection_vs_vul_detection': [-0.0669,
                                               0.0393,
                                               0.0232,
                                               0.0061,
                                               -0.019],
 'epoch_time_s': [2806.2, 2812.2, 2810.9, 2810.6, 2810.9],
 'peak_gpu_memory_gb': [38.982, 38.982, 38.982, 38.982, 38.982],
 'tokens_cumulative': [122188612, 244379913, 366593608, 488818416, 610949243],
 'tokens_epoch': [122188612, 122191301, 122213695, 122224808, 122130827],
 'total_train_loss': [0.3924, 0.2884, 0.233, 0.1138, 0.0613],
 'vul_detection_grad_norm': [0.842252, 1.586139, 2.598019, 3.138762, 3.095961],
 'vul_detection_tokens': [30237099, 30235759, 30236545, 30260771, 30255996],
 'vul_detection_train_loss': [0.6786, 0.5981, 0.3986, 0.1909, 0.1045]}
INFO:name:Validation results:
{'clone_detection': {'acc': [0.9659, 0.9712, 0.9745, 0.9742, 0.9769],
                     'eval_loss': [0.0964, 0.0906, 0.0898, 0.1057, 0.1026],
                     'f1': [0.877, 0.8942, 0.905, 0.9035, 0.912],
                     'precision': [0.8227, 0.8537, 0.8765, 0.8782, 0.9009],
                     'recall': [0.939, 0.9387, 0.9354, 0.9303, 0.9234]},
 'vul_detection': {'acc': [0.5761, 0.6087, 0.5867, 0.567, 0.5556],
                   'eval_loss': [0.6773, 0.6974, 1.0691, 1.6264, 1.9394],
                   'f1': [0.5455, 0.3663, 0.4766, 0.5594, 0.525],
                   'precision': [0.5107, 0.618, 0.5299, 0.5013, 0.4901],
                   'recall': [0.5855, 0.2603, 0.433, 0.6327, 0.5653]}}
DEBUG:httpcore.connection:close.started
DEBUG:httpcore.connection:close.complete
