INFO:name:device: cuda:0, n_gpu: 1
DEBUG:urllib3.connectionpool:Starting new HTTPS connection (1): huggingface.co:443
DEBUG:urllib3.connectionpool:https://huggingface.co:443 "HEAD /answerdotai/ModernBERT-base/resolve/main/config.json HTTP/1.1" 307 0
DEBUG:urllib3.connectionpool:https://huggingface.co:443 "HEAD /api/resolve-cache/models/answerdotai/ModernBERT-base/8949b909ec900327062f0ebf497f51aef5e6f0c8/config.json HTTP/1.1" 200 0
DEBUG:urllib3.connectionpool:https://huggingface.co:443 "HEAD /answerdotai/ModernBERT-base/resolve/main/tokenizer_config.json HTTP/1.1" 307 0
DEBUG:urllib3.connectionpool:https://huggingface.co:443 "HEAD /api/resolve-cache/models/answerdotai/ModernBERT-base/8949b909ec900327062f0ebf497f51aef5e6f0c8/tokenizer_config.json HTTP/1.1" 200 0
INFO:name:Model:
MultiTaskModel_MTL(
  (encoder): ModernBertModel(
    (embeddings): ModernBertEmbeddings(
      (tok_embeddings): Embedding(50368, 768, padding_idx=50283)
      (norm): LayerNorm((768,), eps=1e-05, elementwise_affine=True)
      (drop): Dropout(p=0.0, inplace=False)
    )
    (layers): ModuleList(
      (0): ModernBertEncoderLayer(
        (attn_norm): Identity()
        (attn): ModernBertAttention(
          (Wqkv): Linear(in_features=768, out_features=2304, bias=False)
          (rotary_emb): ModernBertRotaryEmbedding()
          (Wo): Linear(in_features=768, out_features=768, bias=False)
          (out_drop): Identity()
        )
        (mlp_norm): LayerNorm((768,), eps=1e-05, elementwise_affine=True)
        (mlp): ModernBertMLP(
          (Wi): Linear(in_features=768, out_features=2304, bias=False)
          (act): GELUActivation()
          (drop): Dropout(p=0.0, inplace=False)
          (Wo): Linear(in_features=1152, out_features=768, bias=False)
        )
      )
      (1-21): 21 x ModernBertEncoderLayer(
        (attn_norm): LayerNorm((768,), eps=1e-05, elementwise_affine=True)
        (attn): ModernBertAttention(
          (Wqkv): Linear(in_features=768, out_features=2304, bias=False)
          (rotary_emb): ModernBertRotaryEmbedding()
          (Wo): Linear(in_features=768, out_features=768, bias=False)
          (out_drop): Identity()
        )
        (mlp_norm): LayerNorm((768,), eps=1e-05, elementwise_affine=True)
        (mlp): ModernBertMLP(
          (Wi): Linear(in_features=768, out_features=2304, bias=False)
          (act): GELUActivation()
          (drop): Dropout(p=0.0, inplace=False)
          (Wo): Linear(in_features=1152, out_features=768, bias=False)
        )
      )
    )
    (final_norm): LayerNorm((768,), eps=1e-05, elementwise_affine=True)
  )
  (task_heads): ModuleDict(
    (flakiness_detect): Sequential(
      (0): Linear(in_features=768, out_features=384, bias=True)
      (1): GELU(approximate='none')
      (2): Dropout(p=0.1, inplace=False)
      (3): Linear(in_features=384, out_features=1, bias=True)
    )
  )
)
INFO:name:Preparing the flakeFlager Dataset...

INFO:name:Preparing the flakeFlager Dataset...

INFO:name:Preparing the flakeFlager Dataset...

INFO:name:  Normalized weights: uniform for epoch 1, updated each epoch (w ∝ L_i).
INFO:name:======================================================================
INFO:name:***** Running Training *****
INFO:name:  Model         : answerdotai/ModernBERT-base
INFO:name:  PEFT          : full
INFO:name:  Loss weighting: normalized
INFO:name:  Epochs        : 10
INFO:name:  Batch size    : 32  |  LR: 1.00e-04  |  GPUs: 1
INFO:name:  Steps/epoch   : ~409  |  Total steps: ~4090
INFO:name:  Tasks & train sizes:
INFO:name:    flakiness_detect        13081 examples
INFO:name:======================================================================
INFO:name:  pos_weight flakiness_detect       = 26.0  (pos=485  neg=12596)
INFO:name:E1/10  step 32/409  total=1.5067  lr=1.56e-06  |  flakiness_detect=1.5067
INFO:name:E1/10  step 64/409  total=1.4066  lr=3.13e-06  |  flakiness_detect=1.4066
INFO:name:E1/10  step 96/409  total=1.3350  lr=4.69e-06  |  flakiness_detect=1.3350
INFO:name:E1/10  step 128/409  total=1.4237  lr=6.26e-06  |  flakiness_detect=1.4237
INFO:name:E1/10  step 160/409  total=1.3549  lr=7.82e-06  |  flakiness_detect=1.3549
INFO:name:E1/10  step 192/409  total=1.4154  lr=9.39e-06  |  flakiness_detect=1.4154
INFO:name:E1/10  step 224/409  total=1.4672  lr=1.10e-05  |  flakiness_detect=1.4672
INFO:name:E1/10  step 256/409  total=1.4084  lr=1.25e-05  |  flakiness_detect=1.4084
INFO:name:E1/10  step 288/409  total=1.4049  lr=1.41e-05  |  flakiness_detect=1.4049
INFO:name:E1/10  step 320/409  total=1.3800  lr=1.56e-05  |  flakiness_detect=1.3800
INFO:name:E1/10  step 352/409  total=1.3806  lr=1.72e-05  |  flakiness_detect=1.3806
INFO:name:E1/10  step 384/409  total=1.3504  lr=1.88e-05  |  flakiness_detect=1.3504
INFO:name:----------------------------------------------------------------------
INFO:name:Epoch 1/10 — Train Summary
INFO:name:  Task                        Loss    Weight        Tokens
INFO:name:  ----                        ----    ------        ------
INFO:name:  flakiness_detect          1.3365    1.0000       1559340
INFO:name:  TOTAL                     1.3365                 1559340  (epoch)  cumulative=1559340
INFO:name:  epoch_time=80.7s  peak_gpu_memory=11.696GB
INFO:name:----------------------------------------------------------------------
INFO:name:  Normalized weights → next epoch: {'flakiness_detect': '1.0000'}
INFO:name:----------------------------------------------------------------------
INFO:name:----------------------------------------------------------------------
INFO:name:Eval — Epoch 1
INFO:name:  Task                        Acc       F1    Recall   Precision     Loss      MRR
INFO:name:  --------------------------------------------------------------------
INFO:name:  flakiness_detect         0.9610   0.5278    0.5864      0.4798   0.1284        -
INFO:name:  --------------------------------------------------------------------
INFO:name:                          combined = 0.5278
INFO:name:----------------------------------------------------------------------
Saved 139 trainable params -> ./adapters/modernbert_flaky_full/model.bin
INFO:name:  >> New best (0.5278) — checkpoint saved.
INFO:name:  Testing flakiness_detect (4361 examples)
INFO:name:----------------------------------------------------------------------
INFO:name:Test — Epoch 1
INFO:name:  Task                        Acc       F1    Recall   Precision     Loss      MRR
INFO:name:  --------------------------------------------------------------------
INFO:name:  flakiness_detect         0.9585   0.4597    0.4753      0.4451        -        -
INFO:name:  --------------------------------------------------------------------
INFO:name:----------------------------------------------------------------------
INFO:name:E2/10  step 32/409  total=1.0642  lr=1.98e-05  |  flakiness_detect=1.0642
INFO:name:E2/10  step 64/409  total=1.1079  lr=1.97e-05  |  flakiness_detect=1.1079
INFO:name:E2/10  step 96/409  total=1.2560  lr=1.95e-05  |  flakiness_detect=1.2560
INFO:name:E2/10  step 128/409  total=1.1449  lr=1.93e-05  |  flakiness_detect=1.1449
INFO:name:E2/10  step 160/409  total=1.1468  lr=1.91e-05  |  flakiness_detect=1.1468
INFO:name:E2/10  step 192/409  total=1.3436  lr=1.90e-05  |  flakiness_detect=1.3436
INFO:name:E2/10  step 224/409  total=1.3012  lr=1.88e-05  |  flakiness_detect=1.3012
INFO:name:E2/10  step 256/409  total=1.3350  lr=1.86e-05  |  flakiness_detect=1.3350
INFO:name:E2/10  step 288/409  total=1.2999  lr=1.84e-05  |  flakiness_detect=1.2999
INFO:name:E2/10  step 320/409  total=1.3058  lr=1.83e-05  |  flakiness_detect=1.3058
INFO:name:E2/10  step 352/409  total=1.3578  lr=1.81e-05  |  flakiness_detect=1.3578
INFO:name:E2/10  step 384/409  total=1.3344  lr=1.79e-05  |  flakiness_detect=1.3344
INFO:name:----------------------------------------------------------------------
INFO:name:Epoch 2/10 — Train Summary
INFO:name:  Task                        Loss    Weight        Tokens
INFO:name:  ----                        ----    ------        ------
INFO:name:  flakiness_detect          1.3108    1.0000       1559497
INFO:name:  TOTAL                     1.3108                 1559497  (epoch)  cumulative=3118837
INFO:name:  epoch_time=80.4s  peak_gpu_memory=11.696GB
INFO:name:----------------------------------------------------------------------
INFO:name:  Normalized weights → next epoch: {'flakiness_detect': '1.0000'}
INFO:name:----------------------------------------------------------------------
INFO:name:----------------------------------------------------------------------
INFO:name:Eval — Epoch 2
INFO:name:  Task                        Acc       F1    Recall   Precision     Loss      MRR
INFO:name:  --------------------------------------------------------------------
INFO:name:  flakiness_detect         0.9761   0.6645    0.6358      0.6959   0.0839        -
INFO:name:  --------------------------------------------------------------------
INFO:name:                          combined = 0.6645
INFO:name:----------------------------------------------------------------------
Saved 139 trainable params -> ./adapters/modernbert_flaky_full/model.bin
INFO:name:  >> New best (0.6645) — checkpoint saved.
INFO:name:  Testing flakiness_detect (4361 examples)
INFO:name:----------------------------------------------------------------------
INFO:name:Test — Epoch 2
INFO:name:  Task                        Acc       F1    Recall   Precision     Loss      MRR
INFO:name:  --------------------------------------------------------------------
INFO:name:  flakiness_detect         0.9741   0.5830    0.4877      0.7248        -        -
INFO:name:  --------------------------------------------------------------------
INFO:name:----------------------------------------------------------------------
INFO:name:E3/10  step 32/409  total=1.1012  lr=1.76e-05  |  flakiness_detect=1.1012
INFO:name:E3/10  step 64/409  total=1.0957  lr=1.74e-05  |  flakiness_detect=1.0957
INFO:name:E3/10  step 96/409  total=1.0353  lr=1.73e-05  |  flakiness_detect=1.0353
INFO:name:E3/10  step 128/409  total=1.0942  lr=1.71e-05  |  flakiness_detect=1.0942
INFO:name:E3/10  step 160/409  total=0.9951  lr=1.69e-05  |  flakiness_detect=0.9951
INFO:name:E3/10  step 192/409  total=0.9772  lr=1.67e-05  |  flakiness_detect=0.9772
INFO:name:E3/10  step 224/409  total=0.9674  lr=1.66e-05  |  flakiness_detect=0.9674
INFO:name:E3/10  step 256/409  total=0.9368  lr=1.64e-05  |  flakiness_detect=0.9368
INFO:name:E3/10  step 288/409  total=0.9002  lr=1.62e-05  |  flakiness_detect=0.9002
INFO:name:E3/10  step 320/409  total=0.9275  lr=1.60e-05  |  flakiness_detect=0.9275
INFO:name:E3/10  step 352/409  total=0.9160  lr=1.59e-05  |  flakiness_detect=0.9160
INFO:name:E3/10  step 384/409  total=0.9174  lr=1.57e-05  |  flakiness_detect=0.9174
INFO:name:----------------------------------------------------------------------
INFO:name:Epoch 3/10 — Train Summary
INFO:name:  Task                        Loss    Weight        Tokens
INFO:name:  ----                        ----    ------        ------
INFO:name:  flakiness_detect          0.9326    1.0000       1559222
INFO:name:  TOTAL                     0.9326                 1559222  (epoch)  cumulative=4678059
INFO:name:  epoch_time=80.1s  peak_gpu_memory=11.696GB
INFO:name:----------------------------------------------------------------------
INFO:name:  Normalized weights → next epoch: {'flakiness_detect': '1.0000'}
INFO:name:----------------------------------------------------------------------
INFO:name:----------------------------------------------------------------------
INFO:name:Eval — Epoch 3
INFO:name:  Task                        Acc       F1    Recall   Precision     Loss      MRR
INFO:name:  --------------------------------------------------------------------
INFO:name:  flakiness_detect         0.9739   0.6798    0.7469      0.6237   0.1311        -
INFO:name:  --------------------------------------------------------------------
INFO:name:                          combined = 0.6798
INFO:name:----------------------------------------------------------------------
Saved 139 trainable params -> ./adapters/modernbert_flaky_full/model.bin
INFO:name:  >> New best (0.6798) — checkpoint saved.
INFO:name:  Testing flakiness_detect (4361 examples)
INFO:name:----------------------------------------------------------------------
INFO:name:Test — Epoch 3
INFO:name:  Task                        Acc       F1    Recall   Precision     Loss      MRR
INFO:name:  --------------------------------------------------------------------
INFO:name:  flakiness_detect         0.9743   0.6627    0.6790      0.6471        -        -
INFO:name:  --------------------------------------------------------------------
INFO:name:----------------------------------------------------------------------
INFO:name:E4/10  step 32/409  total=0.5494  lr=1.54e-05  |  flakiness_detect=0.5494
INFO:name:E4/10  step 64/409  total=0.7156  lr=1.52e-05  |  flakiness_detect=0.7156
INFO:name:E4/10  step 96/409  total=0.5847  lr=1.50e-05  |  flakiness_detect=0.5847
INFO:name:E4/10  step 128/409  total=0.5326  lr=1.49e-05  |  flakiness_detect=0.5326
INFO:name:E4/10  step 160/409  total=0.6009  lr=1.47e-05  |  flakiness_detect=0.6009
INFO:name:E4/10  step 192/409  total=0.5576  lr=1.45e-05  |  flakiness_detect=0.5576
INFO:name:E4/10  step 224/409  total=0.6077  lr=1.43e-05  |  flakiness_detect=0.6077
INFO:name:E4/10  step 256/409  total=0.6265  lr=1.42e-05  |  flakiness_detect=0.6265
INFO:name:E4/10  step 288/409  total=0.6275  lr=1.40e-05  |  flakiness_detect=0.6275
INFO:name:E4/10  step 320/409  total=0.6303  lr=1.38e-05  |  flakiness_detect=0.6303
INFO:name:E4/10  step 352/409  total=0.6478  lr=1.36e-05  |  flakiness_detect=0.6478
INFO:name:E4/10  step 384/409  total=0.6484  lr=1.35e-05  |  flakiness_detect=0.6484
INFO:name:----------------------------------------------------------------------
INFO:name:Epoch 4/10 — Train Summary
INFO:name:  Task                        Loss    Weight        Tokens
INFO:name:  ----                        ----    ------        ------
INFO:name:  flakiness_detect          0.6452    1.0000       1559400
INFO:name:  TOTAL                     0.6452                 1559400  (epoch)  cumulative=6237459
INFO:name:  epoch_time=80.2s  peak_gpu_memory=11.696GB
INFO:name:----------------------------------------------------------------------
INFO:name:  Normalized weights → next epoch: {'flakiness_detect': '1.0000'}
INFO:name:----------------------------------------------------------------------
INFO:name:----------------------------------------------------------------------
INFO:name:Eval — Epoch 4
INFO:name:  Task                        Acc       F1    Recall   Precision     Loss      MRR
INFO:name:  --------------------------------------------------------------------
INFO:name:  flakiness_detect         0.9812   0.7248    0.6667      0.7941   0.1061        -
INFO:name:  --------------------------------------------------------------------
INFO:name:                          combined = 0.7248
INFO:name:----------------------------------------------------------------------
Saved 139 trainable params -> ./adapters/modernbert_flaky_full/model.bin
INFO:name:  >> New best (0.7248) — checkpoint saved.
INFO:name:  Testing flakiness_detect (4361 examples)
INFO:name:----------------------------------------------------------------------
INFO:name:Test — Epoch 4
INFO:name:  Task                        Acc       F1    Recall   Precision     Loss      MRR
INFO:name:  --------------------------------------------------------------------
INFO:name:  flakiness_detect         0.9794   0.6565    0.5309      0.8600        -        -
INFO:name:  --------------------------------------------------------------------
INFO:name:----------------------------------------------------------------------
INFO:name:E5/10  step 32/409  total=0.2429  lr=1.32e-05  |  flakiness_detect=0.2429
INFO:name:E5/10  step 64/409  total=0.2375  lr=1.30e-05  |  flakiness_detect=0.2375
INFO:name:E5/10  step 96/409  total=0.3275  lr=1.28e-05  |  flakiness_detect=0.3275
INFO:name:E5/10  step 128/409  total=0.3129  lr=1.26e-05  |  flakiness_detect=0.3129
INFO:name:E5/10  step 160/409  total=0.3562  lr=1.25e-05  |  flakiness_detect=0.3562
INFO:name:E5/10  step 192/409  total=0.3933  lr=1.23e-05  |  flakiness_detect=0.3933
INFO:name:E5/10  step 224/409  total=0.4121  lr=1.21e-05  |  flakiness_detect=0.4121
INFO:name:E5/10  step 256/409  total=0.4340  lr=1.19e-05  |  flakiness_detect=0.4340
INFO:name:E5/10  step 288/409  total=0.4353  lr=1.18e-05  |  flakiness_detect=0.4353
INFO:name:E5/10  step 320/409  total=0.4281  lr=1.16e-05  |  flakiness_detect=0.4281
INFO:name:E5/10  step 352/409  total=0.4079  lr=1.14e-05  |  flakiness_detect=0.4079
INFO:name:E5/10  step 384/409  total=0.4171  lr=1.12e-05  |  flakiness_detect=0.4171
INFO:name:----------------------------------------------------------------------
INFO:name:Epoch 5/10 — Train Summary
INFO:name:  Task                        Loss    Weight        Tokens
INFO:name:  ----                        ----    ------        ------
INFO:name:  flakiness_detect          0.4084    1.0000       1559442
INFO:name:  TOTAL                     0.4084                 1559442  (epoch)  cumulative=7796901
INFO:name:  epoch_time=80.4s  peak_gpu_memory=11.696GB
INFO:name:----------------------------------------------------------------------
INFO:name:  Normalized weights → next epoch: {'flakiness_detect': '1.0000'}
INFO:name:----------------------------------------------------------------------
INFO:name:----------------------------------------------------------------------
INFO:name:Eval — Epoch 5
INFO:name:  Task                        Acc       F1    Recall   Precision     Loss      MRR
INFO:name:  --------------------------------------------------------------------
INFO:name:  flakiness_detect         0.9819   0.7168    0.6173      0.8547   0.1188        -
INFO:name:  --------------------------------------------------------------------
INFO:name:                          combined = 0.7168
INFO:name:----------------------------------------------------------------------
INFO:name:E6/10  step 32/409  total=0.0905  lr=1.09e-05  |  flakiness_detect=0.0905
INFO:name:E6/10  step 64/409  total=0.1235  lr=1.08e-05  |  flakiness_detect=0.1235
INFO:name:E6/10  step 96/409  total=0.1544  lr=1.06e-05  |  flakiness_detect=0.1544
INFO:name:E6/10  step 128/409  total=0.1521  lr=1.04e-05  |  flakiness_detect=0.1521
INFO:name:E6/10  step 160/409  total=0.2202  lr=1.02e-05  |  flakiness_detect=0.2202
INFO:name:E6/10  step 192/409  total=0.2412  lr=1.01e-05  |  flakiness_detect=0.2412
INFO:name:E6/10  step 224/409  total=0.2482  lr=9.89e-06  |  flakiness_detect=0.2482
INFO:name:E6/10  step 256/409  total=0.2536  lr=9.72e-06  |  flakiness_detect=0.2536
INFO:name:E6/10  step 288/409  total=0.2412  lr=9.55e-06  |  flakiness_detect=0.2412
INFO:name:E6/10  step 320/409  total=0.2618  lr=9.37e-06  |  flakiness_detect=0.2618
INFO:name:E6/10  step 352/409  total=0.2602  lr=9.20e-06  |  flakiness_detect=0.2602
INFO:name:E6/10  step 384/409  total=0.2571  lr=9.02e-06  |  flakiness_detect=0.2571
INFO:name:----------------------------------------------------------------------
INFO:name:Epoch 6/10 — Train Summary
INFO:name:  Task                        Loss    Weight        Tokens
INFO:name:  ----                        ----    ------        ------
INFO:name:  flakiness_detect          0.2455    1.0000       1559626
INFO:name:  TOTAL                     0.2455                 1559626  (epoch)  cumulative=9356527
INFO:name:  epoch_time=80.8s  peak_gpu_memory=11.696GB
INFO:name:----------------------------------------------------------------------
INFO:name:  Normalized weights → next epoch: {'flakiness_detect': '1.0000'}
INFO:name:----------------------------------------------------------------------
INFO:name:----------------------------------------------------------------------
INFO:name:Eval — Epoch 6
INFO:name:  Task                        Acc       F1    Recall   Precision     Loss      MRR
INFO:name:  --------------------------------------------------------------------
INFO:name:  flakiness_detect         0.9789   0.7013    0.6667      0.7397   0.1327        -
INFO:name:  --------------------------------------------------------------------
INFO:name:                          combined = 0.7013
INFO:name:----------------------------------------------------------------------
INFO:name:E7/10  step 32/409  total=0.0489  lr=8.72e-06  |  flakiness_detect=0.0489
INFO:name:E7/10  step 64/409  total=0.1202  lr=8.54e-06  |  flakiness_detect=0.1202
INFO:name:E7/10  step 96/409  total=0.1636  lr=8.37e-06  |  flakiness_detect=0.1636
INFO:name:E7/10  step 128/409  total=0.1266  lr=8.19e-06  |  flakiness_detect=0.1266
INFO:name:E7/10  step 160/409  total=0.1061  lr=8.02e-06  |  flakiness_detect=0.1061
INFO:name:E7/10  step 192/409  total=0.1472  lr=7.85e-06  |  flakiness_detect=0.1472
INFO:name:E7/10  step 224/409  total=0.1625  lr=7.67e-06  |  flakiness_detect=0.1625
INFO:name:E7/10  step 256/409  total=0.1662  lr=7.50e-06  |  flakiness_detect=0.1662
INFO:name:E7/10  step 288/409  total=0.1742  lr=7.32e-06  |  flakiness_detect=0.1742
INFO:name:E7/10  step 320/409  total=0.1704  lr=7.15e-06  |  flakiness_detect=0.1704
INFO:name:E7/10  step 352/409  total=0.1648  lr=6.98e-06  |  flakiness_detect=0.1648
INFO:name:E7/10  step 384/409  total=0.1679  lr=6.80e-06  |  flakiness_detect=0.1679
INFO:name:----------------------------------------------------------------------
INFO:name:Epoch 7/10 — Train Summary
INFO:name:  Task                        Loss    Weight        Tokens
INFO:name:  ----                        ----    ------        ------
INFO:name:  flakiness_detect          0.1610    1.0000       1559202
INFO:name:  TOTAL                     0.1610                 1559202  (epoch)  cumulative=10915729
INFO:name:  epoch_time=80.6s  peak_gpu_memory=11.696GB
INFO:name:----------------------------------------------------------------------
INFO:name:  Normalized weights → next epoch: {'flakiness_detect': '1.0000'}
INFO:name:----------------------------------------------------------------------
INFO:name:----------------------------------------------------------------------
INFO:name:Eval — Epoch 7
INFO:name:  Task                        Acc       F1    Recall   Precision     Loss      MRR
INFO:name:  --------------------------------------------------------------------
INFO:name:  flakiness_detect         0.9812   0.7320    0.6914      0.7778   0.1377        -
INFO:name:  --------------------------------------------------------------------
INFO:name:                          combined = 0.7320
INFO:name:----------------------------------------------------------------------
Saved 139 trainable params -> ./adapters/modernbert_flaky_full/model.bin
INFO:name:  >> New best (0.7320) — checkpoint saved.
INFO:name:  Testing flakiness_detect (4361 examples)
INFO:name:----------------------------------------------------------------------
INFO:name:Test — Epoch 7
INFO:name:  Task                        Acc       F1    Recall   Precision     Loss      MRR
INFO:name:  --------------------------------------------------------------------
INFO:name:  flakiness_detect         0.9775   0.6423    0.5432      0.7857        -        -
INFO:name:  --------------------------------------------------------------------
INFO:name:----------------------------------------------------------------------
INFO:name:E8/10  step 32/409  total=0.0803  lr=6.49e-06  |  flakiness_detect=0.0803
INFO:name:E8/10  step 64/409  total=0.0626  lr=6.32e-06  |  flakiness_detect=0.0626
INFO:name:E8/10  step 96/409  total=0.0674  lr=6.15e-06  |  flakiness_detect=0.0674
INFO:name:E8/10  step 128/409  total=0.0692  lr=5.97e-06  |  flakiness_detect=0.0692
INFO:name:E8/10  step 160/409  total=0.0764  lr=5.80e-06  |  flakiness_detect=0.0764
INFO:name:E8/10  step 192/409  total=0.1097  lr=5.62e-06  |  flakiness_detect=0.1097
INFO:name:E8/10  step 224/409  total=0.1181  lr=5.45e-06  |  flakiness_detect=0.1181
INFO:name:E8/10  step 256/409  total=0.1070  lr=5.28e-06  |  flakiness_detect=0.1070
INFO:name:E8/10  step 288/409  total=0.0972  lr=5.10e-06  |  flakiness_detect=0.0972
INFO:name:E8/10  step 320/409  total=0.0881  lr=4.93e-06  |  flakiness_detect=0.0881
INFO:name:E8/10  step 352/409  total=0.0955  lr=4.75e-06  |  flakiness_detect=0.0955
INFO:name:E8/10  step 384/409  total=0.0880  lr=4.58e-06  |  flakiness_detect=0.0880
INFO:name:----------------------------------------------------------------------
INFO:name:Epoch 8/10 — Train Summary
INFO:name:  Task                        Loss    Weight        Tokens
INFO:name:  ----                        ----    ------        ------
INFO:name:  flakiness_detect          0.0827    1.0000       1559095
INFO:name:  TOTAL                     0.0827                 1559095  (epoch)  cumulative=12474824
INFO:name:  epoch_time=81.2s  peak_gpu_memory=11.696GB
INFO:name:----------------------------------------------------------------------
INFO:name:  Normalized weights → next epoch: {'flakiness_detect': '1.0000'}
INFO:name:----------------------------------------------------------------------
INFO:name:Early stopping triggered at epoch 8 — halting training.
INFO:name:  Testing flakiness_detect (4361 examples)
INFO:name:----------------------------------------------------------------------
INFO:name:Final Test — Epoch 10
INFO:name:  Task                        Acc       F1    Recall   Precision     Loss      MRR
INFO:name:  --------------------------------------------------------------------
INFO:name:  flakiness_detect         0.9787   0.6568    0.5494      0.8165        -        -
INFO:name:  --------------------------------------------------------------------
INFO:name:----------------------------------------------------------------------
INFO:name:Train results:
{'epoch_time_s': [80.7, 80.4, 80.1, 80.2, 80.4, 80.8, 80.6, 81.2],
 'flakiness_detect_tokens': [1559340,
                             1559497,
                             1559222,
                             1559400,
                             1559442,
                             1559626,
                             1559202,
                             1559095],
 'flakiness_detect_train_loss': [1.3365,
                                 1.3108,
                                 0.9326,
                                 0.6452,
                                 0.4084,
                                 0.2455,
                                 0.161,
                                 0.0827],
 'peak_gpu_memory_gb': [11.696,
                        11.696,
                        11.696,
                        11.696,
                        11.696,
                        11.696,
                        11.696,
                        11.696],
 'tokens_cumulative': [1559340,
                       3118837,
                       4678059,
                       6237459,
                       7796901,
                       9356527,
                       10915729,
                       12474824],
 'tokens_epoch': [1559340,
                  1559497,
                  1559222,
                  1559400,
                  1559442,
                  1559626,
                  1559202,
                  1559095],
 'total_train_loss': [1.3365,
                      1.3108,
                      0.9326,
                      0.6452,
                      0.4084,
                      0.2455,
                      0.161,
                      0.0827]}
INFO:name:Validation results:
{'flakiness_detect': {'acc': [0.961,
                              0.9761,
                              0.9739,
                              0.9812,
                              0.9819,
                              0.9789,
                              0.9812,
                              0.9787],
                      'eval_loss': [0.1284,
                                    0.0839,
                                    0.1311,
                                    0.1061,
                                    0.1188,
                                    0.1327,
                                    0.1377,
                                    0.1534],
                      'f1': [0.5278,
                             0.6645,
                             0.6798,
                             0.7248,
                             0.7168,
                             0.7013,
                             0.732,
                             0.699],
                      'precision': [0.4798,
                                    0.6959,
                                    0.6237,
                                    0.7941,
                                    0.8547,
                                    0.7397,
                                    0.7778,
                                    0.7347],
                      'recall': [0.5864,
                                 0.6358,
                                 0.7469,
                                 0.6667,
                                 0.6173,
                                 0.6667,
                                 0.6914,
                                 0.6667]}}
